ARM GAS  /tmp/ccthSsoF.s 			page 1


   1              		.cpu cortex-m3
   2              		.arch armv7-m
   3              		.fpu softvfp
   4              		.eabi_attribute 20, 1	@ Tag_ABI_FP_denormal
   5              		.eabi_attribute 21, 1	@ Tag_ABI_FP_exceptions
   6              		.eabi_attribute 23, 3	@ Tag_ABI_FP_number_model
   7              		.eabi_attribute 24, 1	@ Tag_ABI_align8_needed
   8              		.eabi_attribute 25, 1	@ Tag_ABI_align8_preserved
   9              		.eabi_attribute 26, 1	@ Tag_ABI_enum_size
  10              		.eabi_attribute 30, 4	@ Tag_ABI_optimization_goals
  11              		.eabi_attribute 34, 1	@ Tag_CPU_unaligned_access
  12              		.eabi_attribute 18, 4	@ Tag_ABI_PCS_wchar_t
  13              		.file	"list.c"
  14              	@ GNU C17 (GNU Arm Embedded Toolchain 10.3-2021.10) version 10.3.1 20210824 (release) (arm-none-eab
  15              	@	compiled by GNU C version 4.8.4, GMP version 6.1.0, MPFR version 3.1.4, MPC version 1.0.3, isl ve
  16              	
  17              	@ GGC heuristics: --param ggc-min-expand=100 --param ggc-min-heapsize=131072
  18              	@ options passed:  -I . -I ../6-infRed
  19              	@ -I ../stm32f10x_lib/CMSIS/CM3/CoreSupport
  20              	@ -I ../stm32f10x_lib/CMSIS/CM3/DeviceSupport/ST/STM32F10x
  21              	@ -I ../stm32f10x_lib/STM32F10x_StdPeriph_Driver/inc
  22              	@ -I ../stm32f10x_lib/STM32F10x_StdPeriph_Driver -I ../freertos/include
  23              	@ -I ../freertos/portable/GCC/ARM_CM3 -imultilib thumb/v7-m/nofp
  24              	@ -iprefix /usr/bin/../lib/gcc/arm-none-eabi/10.3.1/
  25              	@ -isysroot /usr/bin/../arm-none-eabi -D__USES_INITFINI__ -D STM32F10X_MD
  26              	@ -D USE_STDPERIPH_DRIVER -D HSE_VALUE=8000000 -D RUN_FROM_FLASH=1
  27              	@ ../freertos/list.c -mcpu=cortex-m3 -mthumb -mfloat-abi=soft
  28              	@ -mlibarch=armv7-m -march=armv7-m -auxbase-strip ../freertos/list.o -g
  29              	@ -gdwarf-2 -Os -Wall -fomit-frame-pointer -fverbose-asm
  30              	@ options enabled:  -faggressive-loop-optimizations -fallocation-dce
  31              	@ -fauto-inc-dec -fbranch-count-reg -fcaller-saves -fcode-hoisting
  32              	@ -fcombine-stack-adjustments -fcompare-elim -fcprop-registers
  33              	@ -fcrossjumping -fcse-follow-jumps -fdefer-pop
  34              	@ -fdelete-null-pointer-checks -fdevirtualize -fdevirtualize-speculatively
  35              	@ -fdwarf2-cfi-asm -fearly-inlining -feliminate-unused-debug-symbols
  36              	@ -feliminate-unused-debug-types -fexpensive-optimizations
  37              	@ -fforward-propagate -ffp-int-builtin-inexact -ffunction-cse -fgcse
  38              	@ -fgcse-lm -fgnu-unique -fguess-branch-probability -fhoist-adjacent-loads
  39              	@ -fident -fif-conversion -fif-conversion2 -findirect-inlining -finline
  40              	@ -finline-atomics -finline-functions -finline-functions-called-once
  41              	@ -finline-small-functions -fipa-bit-cp -fipa-cp -fipa-icf
  42              	@ -fipa-icf-functions -fipa-icf-variables -fipa-profile -fipa-pure-const
  43              	@ -fipa-ra -fipa-reference -fipa-reference-addressable -fipa-sra
  44              	@ -fipa-stack-alignment -fipa-vrp -fira-hoist-pressure
  45              	@ -fira-share-save-slots -fira-share-spill-slots
  46              	@ -fisolate-erroneous-paths-dereference -fivopts -fkeep-static-consts
  47              	@ -fleading-underscore -flifetime-dse -flra-remat -fmath-errno
  48              	@ -fmerge-constants -fmerge-debug-strings -fmove-loop-invariants
  49              	@ -fomit-frame-pointer -foptimize-sibling-calls -fpartial-inlining
  50              	@ -fpeephole -fpeephole2 -fplt -fprefetch-loop-arrays -freg-struct-return
  51              	@ -freorder-blocks -freorder-functions -frerun-cse-after-loop
  52              	@ -fsched-critical-path-heuristic -fsched-dep-count-heuristic
  53              	@ -fsched-group-heuristic -fsched-interblock -fsched-last-insn-heuristic
  54              	@ -fsched-pressure -fsched-rank-heuristic -fsched-spec
  55              	@ -fsched-spec-insn-heuristic -fsched-stalled-insns-dep -fschedule-insns2
  56              	@ -fsection-anchors -fsemantic-interposition -fshow-column
  57              	@ -fshrink-wrap-separate -fsigned-zeros -fsplit-ivs-in-unroller
ARM GAS  /tmp/ccthSsoF.s 			page 2


  58              	@ -fsplit-wide-types -fssa-backprop -fssa-phiopt -fstdarg-opt
  59              	@ -fstore-merging -fstrict-aliasing -fstrict-volatile-bitfields
  60              	@ -fsync-libcalls -fthread-jumps -ftoplevel-reorder -ftrapping-math
  61              	@ -ftree-bit-ccp -ftree-builtin-call-dce -ftree-ccp -ftree-ch
  62              	@ -ftree-coalesce-vars -ftree-copy-prop -ftree-cselim -ftree-dce
  63              	@ -ftree-dominator-opts -ftree-dse -ftree-forwprop -ftree-fre
  64              	@ -ftree-loop-distribute-patterns -ftree-loop-if-convert -ftree-loop-im
  65              	@ -ftree-loop-ivcanon -ftree-loop-optimize -ftree-parallelize-loops=
  66              	@ -ftree-phiprop -ftree-pre -ftree-pta -ftree-reassoc -ftree-scev-cprop
  67              	@ -ftree-sink -ftree-slsr -ftree-sra -ftree-switch-conversion
  68              	@ -ftree-tail-merge -ftree-ter -ftree-vrp -funit-at-a-time -fvar-tracking
  69              	@ -fvar-tracking-assignments -fverbose-asm -fzero-initialized-in-bss
  70              	@ -masm-syntax-unified -mbe32 -mfix-cortex-m3-ldrd -mlittle-endian
  71              	@ -mpic-data-is-text-relative -msched-prolog -mthumb -munaligned-access
  72              	@ -mvectorize-with-neon-quad
  73              	
  74              		.text
  75              	.Ltext0:
  76              		.cfi_sections	.debug_frame
  77              		.align	1
  78              		.global	vListInitialise
  79              		.syntax unified
  80              		.thumb
  81              		.thumb_func
  82              		.type	vListInitialise, %function
  83              	vListInitialise:
  84              	.LVL0:
  85              	.LFB5:
  86              		.file 1 "../freertos/list.c"
   1:../freertos/list.c **** /*
   2:../freertos/list.c ****  * FreeRTOS Kernel V10.2.1
   3:../freertos/list.c ****  * Copyright (C) 2019 Amazon.com, Inc. or its affiliates.  All Rights Reserved.
   4:../freertos/list.c ****  *
   5:../freertos/list.c ****  * Permission is hereby granted, free of charge, to any person obtaining a copy of
   6:../freertos/list.c ****  * this software and associated documentation files (the "Software"), to deal in
   7:../freertos/list.c ****  * the Software without restriction, including without limitation the rights to
   8:../freertos/list.c ****  * use, copy, modify, merge, publish, distribute, sublicense, and/or sell copies of
   9:../freertos/list.c ****  * the Software, and to permit persons to whom the Software is furnished to do so,
  10:../freertos/list.c ****  * subject to the following conditions:
  11:../freertos/list.c ****  *
  12:../freertos/list.c ****  * The above copyright notice and this permission notice shall be included in all
  13:../freertos/list.c ****  * copies or substantial portions of the Software.
  14:../freertos/list.c ****  *
  15:../freertos/list.c ****  * THE SOFTWARE IS PROVIDED "AS IS", WITHOUT WARRANTY OF ANY KIND, EXPRESS OR
  16:../freertos/list.c ****  * IMPLIED, INCLUDING BUT NOT LIMITED TO THE WARRANTIES OF MERCHANTABILITY, FITNESS
  17:../freertos/list.c ****  * FOR A PARTICULAR PURPOSE AND NONINFRINGEMENT. IN NO EVENT SHALL THE AUTHORS OR
  18:../freertos/list.c ****  * COPYRIGHT HOLDERS BE LIABLE FOR ANY CLAIM, DAMAGES OR OTHER LIABILITY, WHETHER
  19:../freertos/list.c ****  * IN AN ACTION OF CONTRACT, TORT OR OTHERWISE, ARISING FROM, OUT OF OR IN
  20:../freertos/list.c ****  * CONNECTION WITH THE SOFTWARE OR THE USE OR OTHER DEALINGS IN THE SOFTWARE.
  21:../freertos/list.c ****  *
  22:../freertos/list.c ****  * http://www.FreeRTOS.org
  23:../freertos/list.c ****  * http://aws.amazon.com/freertos
  24:../freertos/list.c ****  *
  25:../freertos/list.c ****  * 1 tab == 4 spaces!
  26:../freertos/list.c ****  */
  27:../freertos/list.c **** 
  28:../freertos/list.c **** 
ARM GAS  /tmp/ccthSsoF.s 			page 3


  29:../freertos/list.c **** #include <stdlib.h>
  30:../freertos/list.c **** #include "FreeRTOS.h"
  31:../freertos/list.c **** #include "list.h"
  32:../freertos/list.c **** 
  33:../freertos/list.c **** /*-----------------------------------------------------------
  34:../freertos/list.c ****  * PUBLIC LIST API documented in list.h
  35:../freertos/list.c ****  *----------------------------------------------------------*/
  36:../freertos/list.c **** 
  37:../freertos/list.c **** void vListInitialise( List_t * const pxList )
  38:../freertos/list.c **** {
  87              		.loc 1 38 1 view -0
  88              		.cfi_startproc
  89              		@ args = 0, pretend = 0, frame = 0
  90              		@ frame_needed = 0, uses_anonymous_args = 0
  91              		@ link register save eliminated.
  39:../freertos/list.c **** 	/* The list structure contains a list item which is used to mark the
  40:../freertos/list.c **** 	end of the list.  To initialise the list the list end is inserted
  41:../freertos/list.c **** 	as the only list entry. */
  42:../freertos/list.c **** 	pxList->pxIndex = ( ListItem_t * ) &( pxList->xListEnd );			/*lint !e826 !e740 !e9087 The mini lis
  92              		.loc 1 42 2 view .LVU1
  93              	@ ../freertos/list.c:46: 	pxList->xListEnd.xItemValue = portMAX_DELAY;
  43:../freertos/list.c **** 
  44:../freertos/list.c **** 	/* The list end value is the highest possible value in the list to
  45:../freertos/list.c **** 	ensure it remains at the end of the list. */
  46:../freertos/list.c **** 	pxList->xListEnd.xItemValue = portMAX_DELAY;
  94              		.loc 1 46 30 is_stmt 0 view .LVU2
  95 0000 4FF0FF32 		mov	r2, #-1	@ tmp115,
  96              	@ ../freertos/list.c:42: 	pxList->pxIndex = ( ListItem_t * ) &( pxList->xListEnd );			/*lint !e826 
  42:../freertos/list.c **** 
  97              		.loc 1 42 37 view .LVU3
  98 0004 00F10803 		add	r3, r0, #8	@ _1, pxList,
  99              	@ ../freertos/list.c:50: 	pxList->xListEnd.pxNext = ( ListItem_t * ) &( pxList->xListEnd );	/*lint 
  47:../freertos/list.c **** 
  48:../freertos/list.c **** 	/* The list end next and previous pointers point to itself so we know
  49:../freertos/list.c **** 	when the list is empty. */
  50:../freertos/list.c **** 	pxList->xListEnd.pxNext = ( ListItem_t * ) &( pxList->xListEnd );	/*lint !e826 !e740 !e9087 The mi
 100              		.loc 1 50 26 view .LVU4
 101 0008 C0E90223 		strd	r2, r3, [r0, #8]	@ tmp115, _1, pxList,
 102              	@ ../freertos/list.c:42: 	pxList->pxIndex = ( ListItem_t * ) &( pxList->xListEnd );			/*lint !e826 
  42:../freertos/list.c **** 
 103              		.loc 1 42 18 view .LVU5
 104 000c 4360     		str	r3, [r0, #4]	@ _1, pxList_2(D)->pxIndex
  46:../freertos/list.c **** 
 105              		.loc 1 46 2 is_stmt 1 view .LVU6
  51:../freertos/list.c **** 	pxList->xListEnd.pxPrevious = ( ListItem_t * ) &( pxList->xListEnd );/*lint !e826 !e740 !e9087 The
 106              		.loc 1 51 2 view .LVU7
 107              	@ ../freertos/list.c:51: 	pxList->xListEnd.pxPrevious = ( ListItem_t * ) &( pxList->xListEnd );/*li
 108              		.loc 1 51 30 is_stmt 0 view .LVU8
 109 000e 0361     		str	r3, [r0, #16]	@ _1, pxList_2(D)->xListEnd.pxPrevious
  52:../freertos/list.c **** 
  53:../freertos/list.c **** 	pxList->uxNumberOfItems = ( UBaseType_t ) 0U;
 110              		.loc 1 53 2 is_stmt 1 view .LVU9
 111              	@ ../freertos/list.c:53: 	pxList->uxNumberOfItems = ( UBaseType_t ) 0U;
 112              		.loc 1 53 26 is_stmt 0 view .LVU10
 113 0010 0023     		movs	r3, #0	@ tmp116,
 114 0012 0360     		str	r3, [r0]	@ tmp116, pxList_2(D)->uxNumberOfItems
  54:../freertos/list.c **** 
ARM GAS  /tmp/ccthSsoF.s 			page 4


  55:../freertos/list.c **** 	/* Write known values into the list if
  56:../freertos/list.c **** 	configUSE_LIST_DATA_INTEGRITY_CHECK_BYTES is set to 1. */
  57:../freertos/list.c **** 	listSET_LIST_INTEGRITY_CHECK_1_VALUE( pxList );
 115              		.loc 1 57 48 is_stmt 1 view .LVU11
  58:../freertos/list.c **** 	listSET_LIST_INTEGRITY_CHECK_2_VALUE( pxList );
 116              		.loc 1 58 48 view .LVU12
 117              	@ ../freertos/list.c:59: }
  59:../freertos/list.c **** }
 118              		.loc 1 59 1 is_stmt 0 view .LVU13
 119 0014 7047     		bx	lr	@
 120              		.cfi_endproc
 121              	.LFE5:
 122              		.size	vListInitialise, .-vListInitialise
 123              		.align	1
 124              		.global	vListInitialiseItem
 125              		.syntax unified
 126              		.thumb
 127              		.thumb_func
 128              		.type	vListInitialiseItem, %function
 129              	vListInitialiseItem:
 130              	.LVL1:
 131              	.LFB6:
  60:../freertos/list.c **** /*-----------------------------------------------------------*/
  61:../freertos/list.c **** 
  62:../freertos/list.c **** void vListInitialiseItem( ListItem_t * const pxItem )
  63:../freertos/list.c **** {
 132              		.loc 1 63 1 is_stmt 1 view -0
 133              		.cfi_startproc
 134              		@ args = 0, pretend = 0, frame = 0
 135              		@ frame_needed = 0, uses_anonymous_args = 0
 136              		@ link register save eliminated.
  64:../freertos/list.c **** 	/* Make sure the list item is not recorded as being on a list. */
  65:../freertos/list.c **** 	pxItem->pxContainer = NULL;
 137              		.loc 1 65 2 view .LVU15
 138              	@ ../freertos/list.c:65: 	pxItem->pxContainer = NULL;
 139              		.loc 1 65 22 is_stmt 0 view .LVU16
 140 0016 0023     		movs	r3, #0	@ tmp114,
 141 0018 0361     		str	r3, [r0, #16]	@ tmp114, pxItem_2(D)->pvContainer
  66:../freertos/list.c **** 
  67:../freertos/list.c **** 	/* Write known values into the list item if
  68:../freertos/list.c **** 	configUSE_LIST_DATA_INTEGRITY_CHECK_BYTES is set to 1. */
  69:../freertos/list.c **** 	listSET_FIRST_LIST_ITEM_INTEGRITY_CHECK_VALUE( pxItem );
 142              		.loc 1 69 57 is_stmt 1 view .LVU17
  70:../freertos/list.c **** 	listSET_SECOND_LIST_ITEM_INTEGRITY_CHECK_VALUE( pxItem );
 143              		.loc 1 70 58 view .LVU18
 144              	@ ../freertos/list.c:71: }
  71:../freertos/list.c **** }
 145              		.loc 1 71 1 is_stmt 0 view .LVU19
 146 001a 7047     		bx	lr	@
 147              		.cfi_endproc
 148              	.LFE6:
 149              		.size	vListInitialiseItem, .-vListInitialiseItem
 150              		.align	1
 151              		.global	vListInsertEnd
 152              		.syntax unified
 153              		.thumb
 154              		.thumb_func
ARM GAS  /tmp/ccthSsoF.s 			page 5


 155              		.type	vListInsertEnd, %function
 156              	vListInsertEnd:
 157              	.LVL2:
 158              	.LFB7:
  72:../freertos/list.c **** /*-----------------------------------------------------------*/
  73:../freertos/list.c **** 
  74:../freertos/list.c **** void vListInsertEnd( List_t * const pxList, ListItem_t * const pxNewListItem )
  75:../freertos/list.c **** {
 159              		.loc 1 75 1 is_stmt 1 view -0
 160              		.cfi_startproc
 161              		@ args = 0, pretend = 0, frame = 0
 162              		@ frame_needed = 0, uses_anonymous_args = 0
 163              		@ link register save eliminated.
  76:../freertos/list.c **** ListItem_t * const pxIndex = pxList->pxIndex;
 164              		.loc 1 76 1 view .LVU21
 165              	@ ../freertos/list.c:76: ListItem_t * const pxIndex = pxList->pxIndex;
 166              		.loc 1 76 20 is_stmt 0 view .LVU22
 167 001c 4368     		ldr	r3, [r0, #4]	@ pxIndex, pxList_6(D)->pxIndex
 168              	.LVL3:
  77:../freertos/list.c **** 
  78:../freertos/list.c **** 	/* Only effective when configASSERT() is also defined, these tests may catch
  79:../freertos/list.c **** 	the list data structures being overwritten in memory.  They will not catch
  80:../freertos/list.c **** 	data errors caused by incorrect configuration or use of FreeRTOS. */
  81:../freertos/list.c **** 	listTEST_LIST_INTEGRITY( pxList );
 169              		.loc 1 81 35 is_stmt 1 view .LVU23
  82:../freertos/list.c **** 	listTEST_LIST_ITEM_INTEGRITY( pxNewListItem );
 170              		.loc 1 82 47 view .LVU24
  83:../freertos/list.c **** 
  84:../freertos/list.c **** 	/* Insert a new list item into pxList, but rather than sort the list,
  85:../freertos/list.c **** 	makes the new list item the last item to be removed by a call to
  86:../freertos/list.c **** 	listGET_OWNER_OF_NEXT_ENTRY(). */
  87:../freertos/list.c **** 	pxNewListItem->pxNext = pxIndex;
 171              		.loc 1 87 2 view .LVU25
 172              	@ ../freertos/list.c:88: 	pxNewListItem->pxPrevious = pxIndex->pxPrevious;
  88:../freertos/list.c **** 	pxNewListItem->pxPrevious = pxIndex->pxPrevious;
 173              		.loc 1 88 37 is_stmt 0 view .LVU26
 174 001e 9A68     		ldr	r2, [r3, #8]	@ _1, pxIndex_7->pxPrevious
 175              	@ ../freertos/list.c:87: 	pxNewListItem->pxNext = pxIndex;
  87:../freertos/list.c **** 	pxNewListItem->pxPrevious = pxIndex->pxPrevious;
 176              		.loc 1 87 24 view .LVU27
 177 0020 4B60     		str	r3, [r1, #4]	@ pxIndex, pxNewListItem_8(D)->pxNext
 178              		.loc 1 88 2 is_stmt 1 view .LVU28
 179              	@ ../freertos/list.c:88: 	pxNewListItem->pxPrevious = pxIndex->pxPrevious;
 180              		.loc 1 88 28 is_stmt 0 view .LVU29
 181 0022 8A60     		str	r2, [r1, #8]	@ _1, pxNewListItem_8(D)->pxPrevious
  89:../freertos/list.c **** 
  90:../freertos/list.c **** 	/* Only used during decision coverage testing. */
  91:../freertos/list.c **** 	mtCOVERAGE_TEST_DELAY();
 182              		.loc 1 91 25 is_stmt 1 view .LVU30
  92:../freertos/list.c **** 
  93:../freertos/list.c **** 	pxIndex->pxPrevious->pxNext = pxNewListItem;
 183              		.loc 1 93 2 view .LVU31
 184              	@ ../freertos/list.c:93: 	pxIndex->pxPrevious->pxNext = pxNewListItem;
 185              		.loc 1 93 30 is_stmt 0 view .LVU32
 186 0024 9A68     		ldr	r2, [r3, #8]	@ pxIndex_7->pxPrevious, pxIndex_7->pxPrevious
 187 0026 5160     		str	r1, [r2, #4]	@ pxNewListItem, _2->pxNext
  94:../freertos/list.c **** 	pxIndex->pxPrevious = pxNewListItem;
ARM GAS  /tmp/ccthSsoF.s 			page 6


 188              		.loc 1 94 2 is_stmt 1 view .LVU33
 189              	@ ../freertos/list.c:94: 	pxIndex->pxPrevious = pxNewListItem;
 190              		.loc 1 94 22 is_stmt 0 view .LVU34
 191 0028 9960     		str	r1, [r3, #8]	@ pxNewListItem, pxIndex_7->pxPrevious
  95:../freertos/list.c **** 
  96:../freertos/list.c **** 	/* Remember which list the item is in. */
  97:../freertos/list.c **** 	pxNewListItem->pxContainer = pxList;
 192              		.loc 1 97 2 is_stmt 1 view .LVU35
 193              	@ ../freertos/list.c:99: 	( pxList->uxNumberOfItems )++;
  98:../freertos/list.c **** 
  99:../freertos/list.c **** 	( pxList->uxNumberOfItems )++;
 194              		.loc 1 99 10 is_stmt 0 view .LVU36
 195 002a 0368     		ldr	r3, [r0]	@ _3, pxList_6(D)->uxNumberOfItems
 196              	.LVL4:
 197              	@ ../freertos/list.c:97: 	pxNewListItem->pxContainer = pxList;
  97:../freertos/list.c **** 
 198              		.loc 1 97 29 view .LVU37
 199 002c 0861     		str	r0, [r1, #16]	@ pxList, pxNewListItem_8(D)->pvContainer
 200              		.loc 1 99 2 is_stmt 1 view .LVU38
 201              	@ ../freertos/list.c:99: 	( pxList->uxNumberOfItems )++;
 202              		.loc 1 99 29 is_stmt 0 view .LVU39
 203 002e 0133     		adds	r3, r3, #1	@ _4, _3,
 204 0030 0360     		str	r3, [r0]	@ _4, pxList_6(D)->uxNumberOfItems
 205              	@ ../freertos/list.c:100: }
 100:../freertos/list.c **** }
 206              		.loc 1 100 1 view .LVU40
 207 0032 7047     		bx	lr	@
 208              		.cfi_endproc
 209              	.LFE7:
 210              		.size	vListInsertEnd, .-vListInsertEnd
 211              		.align	1
 212              		.global	vListInsert
 213              		.syntax unified
 214              		.thumb
 215              		.thumb_func
 216              		.type	vListInsert, %function
 217              	vListInsert:
 218              	.LVL5:
 219              	.LFB8:
 101:../freertos/list.c **** /*-----------------------------------------------------------*/
 102:../freertos/list.c **** 
 103:../freertos/list.c **** void vListInsert( List_t * const pxList, ListItem_t * const pxNewListItem )
 104:../freertos/list.c **** {
 220              		.loc 1 104 1 is_stmt 1 view -0
 221              		.cfi_startproc
 222              		@ args = 0, pretend = 0, frame = 0
 223              		@ frame_needed = 0, uses_anonymous_args = 0
 105:../freertos/list.c **** ListItem_t *pxIterator;
 224              		.loc 1 105 1 view .LVU42
 106:../freertos/list.c **** const TickType_t xValueOfInsertion = pxNewListItem->xItemValue;
 225              		.loc 1 106 1 view .LVU43
 226              	@ ../freertos/list.c:104: {
 104:../freertos/list.c **** ListItem_t *pxIterator;
 227              		.loc 1 104 1 is_stmt 0 view .LVU44
 228 0034 30B5     		push	{r4, r5, lr}	@
 229              	.LCFI0:
 230              		.cfi_def_cfa_offset 12
ARM GAS  /tmp/ccthSsoF.s 			page 7


 231              		.cfi_offset 4, -12
 232              		.cfi_offset 5, -8
 233              		.cfi_offset 14, -4
 234              	@ ../freertos/list.c:106: const TickType_t xValueOfInsertion = pxNewListItem->xItemValue;
 235              		.loc 1 106 18 view .LVU45
 236 0036 0C68     		ldr	r4, [r1]	@ xValueOfInsertion, pxNewListItem_9(D)->xItemValue
 237              	.LVL6:
 107:../freertos/list.c **** 
 108:../freertos/list.c **** 	/* Only effective when configASSERT() is also defined, these tests may catch
 109:../freertos/list.c **** 	the list data structures being overwritten in memory.  They will not catch
 110:../freertos/list.c **** 	data errors caused by incorrect configuration or use of FreeRTOS. */
 111:../freertos/list.c **** 	listTEST_LIST_INTEGRITY( pxList );
 238              		.loc 1 111 35 is_stmt 1 view .LVU46
 112:../freertos/list.c **** 	listTEST_LIST_ITEM_INTEGRITY( pxNewListItem );
 239              		.loc 1 112 47 view .LVU47
 113:../freertos/list.c **** 
 114:../freertos/list.c **** 	/* Insert the new list item into the list, sorted in xItemValue order.
 115:../freertos/list.c **** 
 116:../freertos/list.c **** 	If the list already contains a list item with the same item value then the
 117:../freertos/list.c **** 	new list item should be placed after it.  This ensures that TCBs which are
 118:../freertos/list.c **** 	stored in ready lists (all of which have the same xItemValue value) get a
 119:../freertos/list.c **** 	share of the CPU.  However, if the xItemValue is the same as the back marker
 120:../freertos/list.c **** 	the iteration loop below will not end.  Therefore the value is checked
 121:../freertos/list.c **** 	first, and the algorithm slightly modified if necessary. */
 122:../freertos/list.c **** 	if( xValueOfInsertion == portMAX_DELAY )
 240              		.loc 1 122 2 view .LVU48
 241              	@ ../freertos/list.c:122: 	if( xValueOfInsertion == portMAX_DELAY )
 242              		.loc 1 122 4 is_stmt 0 view .LVU49
 243 0038 631C     		adds	r3, r4, #1	@, xValueOfInsertion,
 244 003a 0AD1     		bne	.L5		@,
 123:../freertos/list.c **** 	{
 124:../freertos/list.c **** 		pxIterator = pxList->xListEnd.pxPrevious;
 245              		.loc 1 124 3 is_stmt 1 view .LVU50
 246              	@ ../freertos/list.c:124: 		pxIterator = pxList->xListEnd.pxPrevious;
 247              		.loc 1 124 14 is_stmt 0 view .LVU51
 248 003c 0369     		ldr	r3, [r0, #16]	@ pxIterator, pxList_11(D)->xListEnd.pxPrevious
 249              	.LVL7:
 250              	.L6:
 125:../freertos/list.c **** 	}
 126:../freertos/list.c **** 	else
 127:../freertos/list.c **** 	{
 128:../freertos/list.c **** 		/* *** NOTE ***********************************************************
 129:../freertos/list.c **** 		If you find your application is crashing here then likely causes are
 130:../freertos/list.c **** 		listed below.  In addition see https://www.freertos.org/FAQHelp.html for
 131:../freertos/list.c **** 		more tips, and ensure configASSERT() is defined!
 132:../freertos/list.c **** 		https://www.freertos.org/a00110.html#configASSERT
 133:../freertos/list.c **** 
 134:../freertos/list.c **** 			1) Stack overflow -
 135:../freertos/list.c **** 			   see https://www.freertos.org/Stacks-and-stack-overflow-checking.html
 136:../freertos/list.c **** 			2) Incorrect interrupt priority assignment, especially on Cortex-M
 137:../freertos/list.c **** 			   parts where numerically high priority values denote low actual
 138:../freertos/list.c **** 			   interrupt priorities, which can seem counter intuitive.  See
 139:../freertos/list.c **** 			   https://www.freertos.org/RTOS-Cortex-M3-M4.html and the definition
 140:../freertos/list.c **** 			   of configMAX_SYSCALL_INTERRUPT_PRIORITY on
 141:../freertos/list.c **** 			   https://www.freertos.org/a00110.html
 142:../freertos/list.c **** 			3) Calling an API function from within a critical section or when
 143:../freertos/list.c **** 			   the scheduler is suspended, or calling an API function that does
ARM GAS  /tmp/ccthSsoF.s 			page 8


 144:../freertos/list.c **** 			   not end in "FromISR" from an interrupt.
 145:../freertos/list.c **** 			4) Using a queue or semaphore before it has been initialised or
 146:../freertos/list.c **** 			   before the scheduler has been started (are interrupts firing
 147:../freertos/list.c **** 			   before vTaskStartScheduler() has been called?).
 148:../freertos/list.c **** 		**********************************************************************/
 149:../freertos/list.c **** 
 150:../freertos/list.c **** 		for( pxIterator = ( ListItem_t * ) &( pxList->xListEnd ); pxIterator->pxNext->xItemValue <= xValu
 151:../freertos/list.c **** 		{
 152:../freertos/list.c **** 			/* There is nothing to do here, just iterating to the wanted
 153:../freertos/list.c **** 			insertion position. */
 154:../freertos/list.c **** 		}
 155:../freertos/list.c **** 	}
 156:../freertos/list.c **** 
 157:../freertos/list.c **** 	pxNewListItem->pxNext = pxIterator->pxNext;
 251              		.loc 1 157 2 is_stmt 1 view .LVU52
 252              	@ ../freertos/list.c:157: 	pxNewListItem->pxNext = pxIterator->pxNext;
 253              		.loc 1 157 36 is_stmt 0 view .LVU53
 254 003e 5A68     		ldr	r2, [r3, #4]	@ _3, pxIterator_7->pxNext
 255              	@ ../freertos/list.c:157: 	pxNewListItem->pxNext = pxIterator->pxNext;
 256              		.loc 1 157 24 view .LVU54
 257 0040 4A60     		str	r2, [r1, #4]	@ _3, pxNewListItem_9(D)->pxNext
 158:../freertos/list.c **** 	pxNewListItem->pxNext->pxPrevious = pxNewListItem;
 258              		.loc 1 158 2 is_stmt 1 view .LVU55
 259              	@ ../freertos/list.c:158: 	pxNewListItem->pxNext->pxPrevious = pxNewListItem;
 260              		.loc 1 158 36 is_stmt 0 view .LVU56
 261 0042 9160     		str	r1, [r2, #8]	@ pxNewListItem, _3->pxPrevious
 159:../freertos/list.c **** 	pxNewListItem->pxPrevious = pxIterator;
 262              		.loc 1 159 2 is_stmt 1 view .LVU57
 263              	@ ../freertos/list.c:159: 	pxNewListItem->pxPrevious = pxIterator;
 264              		.loc 1 159 28 is_stmt 0 view .LVU58
 265 0044 8B60     		str	r3, [r1, #8]	@ pxIterator, pxNewListItem_9(D)->pxPrevious
 160:../freertos/list.c **** 	pxIterator->pxNext = pxNewListItem;
 266              		.loc 1 160 2 is_stmt 1 view .LVU59
 267              	@ ../freertos/list.c:160: 	pxIterator->pxNext = pxNewListItem;
 268              		.loc 1 160 21 is_stmt 0 view .LVU60
 269 0046 5960     		str	r1, [r3, #4]	@ pxNewListItem, pxIterator_7->pxNext
 161:../freertos/list.c **** 
 162:../freertos/list.c **** 	/* Remember which list the item is in.  This allows fast removal of the
 163:../freertos/list.c **** 	item later. */
 164:../freertos/list.c **** 	pxNewListItem->pxContainer = pxList;
 270              		.loc 1 164 2 is_stmt 1 view .LVU61
 271              	@ ../freertos/list.c:166: 	( pxList->uxNumberOfItems )++;
 165:../freertos/list.c **** 
 166:../freertos/list.c **** 	( pxList->uxNumberOfItems )++;
 272              		.loc 1 166 10 is_stmt 0 view .LVU62
 273 0048 0368     		ldr	r3, [r0]	@ _4, pxList_11(D)->uxNumberOfItems
 274              	.LVL8:
 275              	@ ../freertos/list.c:164: 	pxNewListItem->pxContainer = pxList;
 164:../freertos/list.c **** 
 276              		.loc 1 164 29 view .LVU63
 277 004a 0861     		str	r0, [r1, #16]	@ pxList, pxNewListItem_9(D)->pvContainer
 278              		.loc 1 166 2 is_stmt 1 view .LVU64
 279              	@ ../freertos/list.c:166: 	( pxList->uxNumberOfItems )++;
 280              		.loc 1 166 29 is_stmt 0 view .LVU65
 281 004c 0133     		adds	r3, r3, #1	@ _5, _4,
 282 004e 0360     		str	r3, [r0]	@ _5, pxList_11(D)->uxNumberOfItems
 283              	@ ../freertos/list.c:167: }
ARM GAS  /tmp/ccthSsoF.s 			page 9


 167:../freertos/list.c **** }
 284              		.loc 1 167 1 view .LVU66
 285 0050 30BD     		pop	{r4, r5, pc}	@
 286              	.LVL9:
 287              	.L5:
 150:../freertos/list.c **** 		{
 288              		.loc 1 150 3 is_stmt 1 view .LVU67
 289              	@ ../freertos/list.c:150: 		for( pxIterator = ( ListItem_t * ) &( pxList->xListEnd ); pxIterator->p
 150:../freertos/list.c **** 		{
 290              		.loc 1 150 19 is_stmt 0 view .LVU68
 291 0052 00F10802 		add	r2, r0, #8	@ _1, pxList,
 292              	.LVL10:
 293              	.L7:
 150:../freertos/list.c **** 		{
 294              		.loc 1 150 61 is_stmt 1 discriminator 1 view .LVU69
 295 0056 1346     		mov	r3, r2	@ pxIterator, _1
 296              	@ ../freertos/list.c:150: 		for( pxIterator = ( ListItem_t * ) &( pxList->xListEnd ); pxIterator->p
 150:../freertos/list.c **** 		{
 297              		.loc 1 150 71 is_stmt 0 discriminator 1 view .LVU70
 298 0058 5268     		ldr	r2, [r2, #4]	@ _1, pxIterator_6->pxNext
 299              	.LVL11:
 300              	@ ../freertos/list.c:150: 		for( pxIterator = ( ListItem_t * ) &( pxList->xListEnd ); pxIterator->p
 150:../freertos/list.c **** 		{
 301              		.loc 1 150 3 discriminator 1 view .LVU71
 302 005a 1568     		ldr	r5, [r2]	@ _1->xItemValue, _1->xItemValue
 303 005c A542     		cmp	r5, r4	@ _1->xItemValue, xValueOfInsertion
 304 005e FAD9     		bls	.L7		@,
 305 0060 EDE7     		b	.L6		@
 306              		.cfi_endproc
 307              	.LFE8:
 308              		.size	vListInsert, .-vListInsert
 309              		.align	1
 310              		.global	uxListRemove
 311              		.syntax unified
 312              		.thumb
 313              		.thumb_func
 314              		.type	uxListRemove, %function
 315              	uxListRemove:
 316              	.LVL12:
 317              	.LFB9:
 168:../freertos/list.c **** /*-----------------------------------------------------------*/
 169:../freertos/list.c **** 
 170:../freertos/list.c **** UBaseType_t uxListRemove( ListItem_t * const pxItemToRemove )
 171:../freertos/list.c **** {
 318              		.loc 1 171 1 is_stmt 1 view -0
 319              		.cfi_startproc
 320              		@ args = 0, pretend = 0, frame = 0
 321              		@ frame_needed = 0, uses_anonymous_args = 0
 322              		@ link register save eliminated.
 172:../freertos/list.c **** /* The list item knows which list it is in.  Obtain the list from the list
 173:../freertos/list.c **** item. */
 174:../freertos/list.c **** List_t * const pxList = pxItemToRemove->pxContainer;
 323              		.loc 1 174 1 view .LVU73
 324              	@ ../freertos/list.c:174: List_t * const pxList = pxItemToRemove->pxContainer;
 325              		.loc 1 174 16 is_stmt 0 view .LVU74
 326 0062 0369     		ldr	r3, [r0, #16]	@ pxList, pxItemToRemove_8(D)->pvContainer
 327              	.LVL13:
ARM GAS  /tmp/ccthSsoF.s 			page 10


 175:../freertos/list.c **** 
 176:../freertos/list.c **** 	pxItemToRemove->pxNext->pxPrevious = pxItemToRemove->pxPrevious;
 328              		.loc 1 176 2 is_stmt 1 view .LVU75
 329              	@ ../freertos/list.c:176: 	pxItemToRemove->pxNext->pxPrevious = pxItemToRemove->pxPrevious;
 330              		.loc 1 176 53 is_stmt 0 view .LVU76
 331 0064 D0E90112 		ldrd	r1, r2, [r0, #4]	@ _1, _2, pxItemToRemove,
 332              	@ ../freertos/list.c:176: 	pxItemToRemove->pxNext->pxPrevious = pxItemToRemove->pxPrevious;
 333              		.loc 1 176 37 view .LVU77
 334 0068 8A60     		str	r2, [r1, #8]	@ _2, _1->pxPrevious
 177:../freertos/list.c **** 	pxItemToRemove->pxPrevious->pxNext = pxItemToRemove->pxNext;
 335              		.loc 1 177 2 is_stmt 1 view .LVU78
 336              	@ ../freertos/list.c:177: 	pxItemToRemove->pxPrevious->pxNext = pxItemToRemove->pxNext;
 337              		.loc 1 177 37 is_stmt 0 view .LVU79
 338 006a 5160     		str	r1, [r2, #4]	@ _1, _2->pxNext
 178:../freertos/list.c **** 
 179:../freertos/list.c **** 	/* Only used during decision coverage testing. */
 180:../freertos/list.c **** 	mtCOVERAGE_TEST_DELAY();
 339              		.loc 1 180 25 is_stmt 1 view .LVU80
 181:../freertos/list.c **** 
 182:../freertos/list.c **** 	/* Make sure the index is left pointing to a valid item. */
 183:../freertos/list.c **** 	if( pxList->pxIndex == pxItemToRemove )
 340              		.loc 1 183 2 view .LVU81
 341              	@ ../freertos/list.c:183: 	if( pxList->pxIndex == pxItemToRemove )
 342              		.loc 1 183 4 is_stmt 0 view .LVU82
 343 006c 5968     		ldr	r1, [r3, #4]	@ pxList_9->pxIndex, pxList_9->pxIndex
 344 006e 8142     		cmp	r1, r0	@ pxList_9->pxIndex, pxItemToRemove
 184:../freertos/list.c **** 	{
 185:../freertos/list.c **** 		pxList->pxIndex = pxItemToRemove->pxPrevious;
 345              		.loc 1 185 3 is_stmt 1 view .LVU83
 346              	@ ../freertos/list.c:185: 		pxList->pxIndex = pxItemToRemove->pxPrevious;
 347              		.loc 1 185 19 is_stmt 0 view .LVU84
 348 0070 08BF     		it	eq
 349 0072 5A60     		streq	r2, [r3, #4]	@ _2, pxList_9->pxIndex
 186:../freertos/list.c **** 	}
 187:../freertos/list.c **** 	else
 188:../freertos/list.c **** 	{
 189:../freertos/list.c **** 		mtCOVERAGE_TEST_MARKER();
 350              		.loc 1 189 27 is_stmt 1 view .LVU85
 190:../freertos/list.c **** 	}
 191:../freertos/list.c **** 
 192:../freertos/list.c **** 	pxItemToRemove->pxContainer = NULL;
 351              		.loc 1 192 2 view .LVU86
 352              	@ ../freertos/list.c:192: 	pxItemToRemove->pxContainer = NULL;
 353              		.loc 1 192 30 is_stmt 0 view .LVU87
 354 0074 0022     		movs	r2, #0	@ tmp122,
 355 0076 0261     		str	r2, [r0, #16]	@ tmp122, pxItemToRemove_8(D)->pvContainer
 193:../freertos/list.c **** 	( pxList->uxNumberOfItems )--;
 356              		.loc 1 193 2 is_stmt 1 view .LVU88
 357              	@ ../freertos/list.c:193: 	( pxList->uxNumberOfItems )--;
 358              		.loc 1 193 10 is_stmt 0 view .LVU89
 359 0078 1A68     		ldr	r2, [r3]	@ _4, pxList_9->uxNumberOfItems
 360              	@ ../freertos/list.c:193: 	( pxList->uxNumberOfItems )--;
 361              		.loc 1 193 29 view .LVU90
 362 007a 013A     		subs	r2, r2, #1	@ _5, _4,
 363 007c 1A60     		str	r2, [r3]	@ _5, pxList_9->uxNumberOfItems
 194:../freertos/list.c **** 
 195:../freertos/list.c **** 	return pxList->uxNumberOfItems;
ARM GAS  /tmp/ccthSsoF.s 			page 11


 364              		.loc 1 195 2 is_stmt 1 view .LVU91
 365              	@ ../freertos/list.c:195: 	return pxList->uxNumberOfItems;
 366              		.loc 1 195 15 is_stmt 0 view .LVU92
 367 007e 1868     		ldr	r0, [r3]	@ <retval>, pxList_9->uxNumberOfItems
 368              	.LVL14:
 369              	@ ../freertos/list.c:196: }
 196:../freertos/list.c **** }
 370              		.loc 1 196 1 view .LVU93
 371 0080 7047     		bx	lr	@
 372              		.cfi_endproc
 373              	.LFE9:
 374              		.size	uxListRemove, .-uxListRemove
 375              	.Letext0:
 376              		.file 2 "/usr/arm-none-eabi/include/machine/_default_types.h"
 377              		.file 3 "/usr/arm-none-eabi/include/sys/_stdint.h"
 378              		.file 4 "../freertos/portable/GCC/ARM_CM3/portmacro.h"
 379              		.file 5 "../freertos/include/list.h"
 380              		.section	.debug_info,"",%progbits
 381              	.Ldebug_info0:
 382 0000 07030000 		.4byte	0x307
 383 0004 0200     		.2byte	0x2
 384 0006 00000000 		.4byte	.Ldebug_abbrev0
 385 000a 04       		.byte	0x4
 386 000b 01       		.uleb128 0x1
 387 000c 6D010000 		.4byte	.LASF37
 388 0010 0C       		.byte	0xc
 389 0011 26000000 		.4byte	.LASF38
 390 0015 60000000 		.4byte	.LASF39
 391 0019 00000000 		.4byte	.Ltext0
 392 001d 82000000 		.4byte	.Letext0
 393 0021 00000000 		.4byte	.Ldebug_line0
 394 0025 02       		.uleb128 0x2
 395 0026 04       		.byte	0x4
 396 0027 07       		.byte	0x7
 397 0028 27010000 		.4byte	.LASF0
 398 002c 03       		.uleb128 0x3
 399 002d 04       		.byte	0x4
 400 002e 05       		.byte	0x5
 401 002f 696E7400 		.ascii	"int\000"
 402 0033 02       		.uleb128 0x2
 403 0034 08       		.byte	0x8
 404 0035 05       		.byte	0x5
 405 0036 0B020000 		.4byte	.LASF1
 406 003a 02       		.uleb128 0x2
 407 003b 08       		.byte	0x8
 408 003c 04       		.byte	0x4
 409 003d 58020000 		.4byte	.LASF2
 410 0041 02       		.uleb128 0x2
 411 0042 01       		.byte	0x1
 412 0043 06       		.byte	0x6
 413 0044 74020000 		.4byte	.LASF3
 414 0048 02       		.uleb128 0x2
 415 0049 01       		.byte	0x1
 416 004a 08       		.byte	0x8
 417 004b 99000000 		.4byte	.LASF4
 418 004f 02       		.uleb128 0x2
 419 0050 02       		.byte	0x2
ARM GAS  /tmp/ccthSsoF.s 			page 12


 420 0051 05       		.byte	0x5
 421 0052 29020000 		.4byte	.LASF5
 422 0056 02       		.uleb128 0x2
 423 0057 02       		.byte	0x2
 424 0058 07       		.byte	0x7
 425 0059 C8000000 		.4byte	.LASF6
 426 005d 02       		.uleb128 0x2
 427 005e 04       		.byte	0x4
 428 005f 05       		.byte	0x5
 429 0060 4F020000 		.4byte	.LASF7
 430 0064 04       		.uleb128 0x4
 431 0065 F6000000 		.4byte	.LASF11
 432 0069 02       		.byte	0x2
 433 006a 4F       		.byte	0x4f
 434 006b 19       		.byte	0x19
 435 006c 70000000 		.4byte	0x70
 436 0070 02       		.uleb128 0x2
 437 0071 04       		.byte	0x4
 438 0072 07       		.byte	0x7
 439 0073 A7000000 		.4byte	.LASF8
 440 0077 02       		.uleb128 0x2
 441 0078 08       		.byte	0x8
 442 0079 07       		.byte	0x7
 443 007a 56010000 		.4byte	.LASF9
 444 007e 05       		.uleb128 0x5
 445 007f 04       		.byte	0x4
 446 0080 02       		.uleb128 0x2
 447 0081 01       		.byte	0x1
 448 0082 08       		.byte	0x8
 449 0083 19020000 		.4byte	.LASF10
 450 0087 04       		.uleb128 0x4
 451 0088 46020000 		.4byte	.LASF12
 452 008c 03       		.byte	0x3
 453 008d 30       		.byte	0x30
 454 008e 14       		.byte	0x14
 455 008f 64000000 		.4byte	0x64
 456 0093 04       		.uleb128 0x4
 457 0094 F4010000 		.4byte	.LASF13
 458 0098 04       		.byte	0x4
 459 0099 39       		.byte	0x39
 460 009a 17       		.byte	0x17
 461 009b 70000000 		.4byte	0x70
 462 009f 06       		.uleb128 0x6
 463 00a0 93000000 		.4byte	0x93
 464 00a4 04       		.uleb128 0x4
 465 00a5 0C000000 		.4byte	.LASF14
 466 00a9 04       		.byte	0x4
 467 00aa 3F       		.byte	0x3f
 468 00ab 13       		.byte	0x13
 469 00ac 87000000 		.4byte	0x87
 470 00b0 07       		.uleb128 0x7
 471 00b1 A4000000 		.4byte	0xa4
 472 00b5 08       		.uleb128 0x8
 473 00b6 55000000 		.4byte	.LASF20
 474 00ba 14       		.byte	0x14
 475 00bb 05       		.byte	0x5
 476 00bc 8C       		.byte	0x8c
ARM GAS  /tmp/ccthSsoF.s 			page 13


 477 00bd 08       		.byte	0x8
 478 00be 0E010000 		.4byte	0x10e
 479 00c2 09       		.uleb128 0x9
 480 00c3 39000000 		.4byte	.LASF15
 481 00c7 05       		.byte	0x5
 482 00c8 8F       		.byte	0x8f
 483 00c9 21       		.byte	0x21
 484 00ca A4000000 		.4byte	0xa4
 485 00ce 02       		.byte	0x2
 486 00cf 23       		.byte	0x23
 487 00d0 00       		.uleb128 0
 488 00d1 09       		.uleb128 0x9
 489 00d2 20010000 		.4byte	.LASF16
 490 00d6 05       		.byte	0x5
 491 00d7 90       		.byte	0x90
 492 00d8 2A       		.byte	0x2a
 493 00d9 0E010000 		.4byte	0x10e
 494 00dd 02       		.byte	0x2
 495 00de 23       		.byte	0x23
 496 00df 04       		.uleb128 0x4
 497 00e0 09       		.uleb128 0x9
 498 00e1 3B020000 		.4byte	.LASF17
 499 00e5 05       		.byte	0x5
 500 00e6 91       		.byte	0x91
 501 00e7 2A       		.byte	0x2a
 502 00e8 0E010000 		.4byte	0x10e
 503 00ec 02       		.byte	0x2
 504 00ed 23       		.byte	0x23
 505 00ee 08       		.uleb128 0x8
 506 00ef 09       		.uleb128 0x9
 507 00f0 4D000000 		.4byte	.LASF18
 508 00f4 05       		.byte	0x5
 509 00f5 92       		.byte	0x92
 510 00f6 09       		.byte	0x9
 511 00f7 7E000000 		.4byte	0x7e
 512 00fb 02       		.byte	0x2
 513 00fc 23       		.byte	0x23
 514 00fd 0C       		.uleb128 0xc
 515 00fe 09       		.uleb128 0x9
 516 00ff 00000000 		.4byte	.LASF19
 517 0103 05       		.byte	0x5
 518 0104 93       		.byte	0x93
 519 0105 25       		.byte	0x25
 520 0106 4F010000 		.4byte	0x14f
 521 010a 02       		.byte	0x2
 522 010b 23       		.byte	0x23
 523 010c 10       		.uleb128 0x10
 524 010d 00       		.byte	0
 525 010e 0A       		.uleb128 0xa
 526 010f 04       		.byte	0x4
 527 0110 B5000000 		.4byte	0xb5
 528 0114 08       		.uleb128 0x8
 529 0115 87020000 		.4byte	.LASF21
 530 0119 14       		.byte	0x14
 531 011a 05       		.byte	0x5
 532 011b A4       		.byte	0xa4
 533 011c 10       		.byte	0x10
ARM GAS  /tmp/ccthSsoF.s 			page 14


 534 011d 4F010000 		.4byte	0x14f
 535 0121 09       		.uleb128 0x9
 536 0122 01010000 		.4byte	.LASF22
 537 0126 05       		.byte	0x5
 538 0127 A7       		.byte	0xa7
 539 0128 17       		.byte	0x17
 540 0129 9F000000 		.4byte	0x9f
 541 012d 02       		.byte	0x2
 542 012e 23       		.byte	0x23
 543 012f 00       		.uleb128 0
 544 0130 09       		.uleb128 0x9
 545 0131 33020000 		.4byte	.LASF23
 546 0135 05       		.byte	0x5
 547 0136 A8       		.byte	0xa8
 548 0137 23       		.byte	0x23
 549 0138 A8010000 		.4byte	0x1a8
 550 013c 02       		.byte	0x2
 551 013d 23       		.byte	0x23
 552 013e 04       		.uleb128 0x4
 553 013f 09       		.uleb128 0x9
 554 0140 44000000 		.4byte	.LASF24
 555 0144 05       		.byte	0x5
 556 0145 A9       		.byte	0xa9
 557 0146 11       		.byte	0x11
 558 0147 9C010000 		.4byte	0x19c
 559 014b 02       		.byte	0x2
 560 014c 23       		.byte	0x23
 561 014d 08       		.uleb128 0x8
 562 014e 00       		.byte	0
 563 014f 0A       		.uleb128 0xa
 564 0150 04       		.byte	0x4
 565 0151 14010000 		.4byte	0x114
 566 0155 04       		.uleb128 0x4
 567 0156 00020000 		.4byte	.LASF25
 568 015a 05       		.byte	0x5
 569 015b 96       		.byte	0x96
 570 015c 1B       		.byte	0x1b
 571 015d B5000000 		.4byte	0xb5
 572 0161 08       		.uleb128 0x8
 573 0162 64020000 		.4byte	.LASF26
 574 0166 0C       		.byte	0xc
 575 0167 05       		.byte	0x5
 576 0168 98       		.byte	0x98
 577 0169 08       		.byte	0x8
 578 016a 9C010000 		.4byte	0x19c
 579 016e 09       		.uleb128 0x9
 580 016f 39000000 		.4byte	.LASF15
 581 0173 05       		.byte	0x5
 582 0174 9B       		.byte	0x9b
 583 0175 21       		.byte	0x21
 584 0176 A4000000 		.4byte	0xa4
 585 017a 02       		.byte	0x2
 586 017b 23       		.byte	0x23
 587 017c 00       		.uleb128 0
 588 017d 09       		.uleb128 0x9
 589 017e 20010000 		.4byte	.LASF16
 590 0182 05       		.byte	0x5
ARM GAS  /tmp/ccthSsoF.s 			page 15


 591 0183 9C       		.byte	0x9c
 592 0184 2A       		.byte	0x2a
 593 0185 0E010000 		.4byte	0x10e
 594 0189 02       		.byte	0x2
 595 018a 23       		.byte	0x23
 596 018b 04       		.uleb128 0x4
 597 018c 09       		.uleb128 0x9
 598 018d 3B020000 		.4byte	.LASF17
 599 0191 05       		.byte	0x5
 600 0192 9D       		.byte	0x9d
 601 0193 2A       		.byte	0x2a
 602 0194 0E010000 		.4byte	0x10e
 603 0198 02       		.byte	0x2
 604 0199 23       		.byte	0x23
 605 019a 08       		.uleb128 0x8
 606 019b 00       		.byte	0
 607 019c 04       		.uleb128 0x4
 608 019d 17000000 		.4byte	.LASF27
 609 01a1 05       		.byte	0x5
 610 01a2 9F       		.byte	0x9f
 611 01a3 20       		.byte	0x20
 612 01a4 61010000 		.4byte	0x161
 613 01a8 0A       		.uleb128 0xa
 614 01a9 04       		.byte	0x4
 615 01aa 55010000 		.4byte	0x155
 616 01ae 07       		.uleb128 0x7
 617 01af A8010000 		.4byte	0x1a8
 618 01b3 04       		.uleb128 0x4
 619 01b4 EF000000 		.4byte	.LASF28
 620 01b8 05       		.byte	0x5
 621 01b9 AB       		.byte	0xab
 622 01ba 03       		.byte	0x3
 623 01bb 14010000 		.4byte	0x114
 624 01bf 0B       		.uleb128 0xb
 625 01c0 01       		.byte	0x1
 626 01c1 8D020000 		.4byte	.LASF40
 627 01c5 01       		.byte	0x1
 628 01c6 AA       		.byte	0xaa
 629 01c7 0D       		.byte	0xd
 630 01c8 01       		.byte	0x1
 631 01c9 93000000 		.4byte	0x93
 632 01cd 62000000 		.4byte	.LFB9
 633 01d1 82000000 		.4byte	.LFE9
 634 01d5 02       		.byte	0x2
 635 01d6 7D       		.byte	0x7d
 636 01d7 00       		.sleb128 0
 637 01d8 01       		.byte	0x1
 638 01d9 06020000 		.4byte	0x206
 639 01dd 0C       		.uleb128 0xc
 640 01de B9000000 		.4byte	.LASF41
 641 01e2 01       		.byte	0x1
 642 01e3 AA       		.byte	0xaa
 643 01e4 2E       		.byte	0x2e
 644 01e5 AE010000 		.4byte	0x1ae
 645 01e9 04000000 		.4byte	.LLST4
 646 01ed 00000000 		.4byte	.LVUS4
 647 01f1 0D       		.uleb128 0xd
ARM GAS  /tmp/ccthSsoF.s 			page 16


 648 01f2 80020000 		.4byte	.LASF29
 649 01f6 01       		.byte	0x1
 650 01f7 AE       		.byte	0xae
 651 01f8 10       		.byte	0x10
 652 01f9 0C020000 		.4byte	0x20c
 653 01fd 27000000 		.4byte	.LLST5
 654 0201 25000000 		.4byte	.LVUS5
 655 0205 00       		.byte	0
 656 0206 0A       		.uleb128 0xa
 657 0207 04       		.byte	0x4
 658 0208 B3010000 		.4byte	0x1b3
 659 020c 07       		.uleb128 0x7
 660 020d 06020000 		.4byte	0x206
 661 0211 0E       		.uleb128 0xe
 662 0212 01       		.byte	0x1
 663 0213 A8020000 		.4byte	.LASF33
 664 0217 01       		.byte	0x1
 665 0218 67       		.byte	0x67
 666 0219 06       		.byte	0x6
 667 021a 01       		.byte	0x1
 668 021b 34000000 		.4byte	.LFB8
 669 021f 62000000 		.4byte	.LFE8
 670 0223 3A000000 		.4byte	.LLST1
 671 0227 01       		.byte	0x1
 672 0228 71020000 		.4byte	0x271
 673 022c 0F       		.uleb128 0xf
 674 022d 80020000 		.4byte	.LASF29
 675 0231 01       		.byte	0x1
 676 0232 67       		.byte	0x67
 677 0233 22       		.byte	0x22
 678 0234 0C020000 		.4byte	0x20c
 679 0238 01       		.byte	0x1
 680 0239 50       		.byte	0x50
 681 023a 0F       		.uleb128 0xf
 682 023b 9A020000 		.4byte	.LASF30
 683 023f 01       		.byte	0x1
 684 0240 67       		.byte	0x67
 685 0241 3D       		.byte	0x3d
 686 0242 AE010000 		.4byte	0x1ae
 687 0246 01       		.byte	0x1
 688 0247 51       		.byte	0x51
 689 0248 0D       		.uleb128 0xd
 690 0249 1E020000 		.4byte	.LASF31
 691 024d 01       		.byte	0x1
 692 024e 69       		.byte	0x69
 693 024f 0D       		.byte	0xd
 694 0250 A8010000 		.4byte	0x1a8
 695 0254 62000000 		.4byte	.LLST2
 696 0258 5A000000 		.4byte	.LVUS2
 697 025c 0D       		.uleb128 0xd
 698 025d 44010000 		.4byte	.LASF32
 699 0261 01       		.byte	0x1
 700 0262 6A       		.byte	0x6a
 701 0263 12       		.byte	0x12
 702 0264 B0000000 		.4byte	0xb0
 703 0268 99000000 		.4byte	.LLST3
 704 026c 97000000 		.4byte	.LVUS3
ARM GAS  /tmp/ccthSsoF.s 			page 17


 705 0270 00       		.byte	0
 706 0271 10       		.uleb128 0x10
 707 0272 01       		.byte	0x1
 708 0273 11010000 		.4byte	.LASF34
 709 0277 01       		.byte	0x1
 710 0278 4A       		.byte	0x4a
 711 0279 06       		.byte	0x6
 712 027a 01       		.byte	0x1
 713 027b 1C000000 		.4byte	.LFB7
 714 027f 34000000 		.4byte	.LFE7
 715 0283 02       		.byte	0x2
 716 0284 7D       		.byte	0x7d
 717 0285 00       		.sleb128 0
 718 0286 01       		.byte	0x1
 719 0287 BC020000 		.4byte	0x2bc
 720 028b 0F       		.uleb128 0xf
 721 028c 80020000 		.4byte	.LASF29
 722 0290 01       		.byte	0x1
 723 0291 4A       		.byte	0x4a
 724 0292 25       		.byte	0x25
 725 0293 0C020000 		.4byte	0x20c
 726 0297 01       		.byte	0x1
 727 0298 50       		.byte	0x50
 728 0299 0F       		.uleb128 0xf
 729 029a 9A020000 		.4byte	.LASF30
 730 029e 01       		.byte	0x1
 731 029f 4A       		.byte	0x4a
 732 02a0 40       		.byte	0x40
 733 02a1 AE010000 		.4byte	0x1ae
 734 02a5 01       		.byte	0x1
 735 02a6 51       		.byte	0x51
 736 02a7 0D       		.uleb128 0xd
 737 02a8 33020000 		.4byte	.LASF23
 738 02ac 01       		.byte	0x1
 739 02ad 4C       		.byte	0x4c
 740 02ae 14       		.byte	0x14
 741 02af AE010000 		.4byte	0x1ae
 742 02b3 B0000000 		.4byte	.LLST0
 743 02b7 AC000000 		.4byte	.LVUS0
 744 02bb 00       		.byte	0
 745 02bc 10       		.uleb128 0x10
 746 02bd 01       		.byte	0x1
 747 02be DB000000 		.4byte	.LASF35
 748 02c2 01       		.byte	0x1
 749 02c3 3E       		.byte	0x3e
 750 02c4 06       		.byte	0x6
 751 02c5 01       		.byte	0x1
 752 02c6 16000000 		.4byte	.LFB6
 753 02ca 1C000000 		.4byte	.LFE6
 754 02ce 02       		.byte	0x2
 755 02cf 7D       		.byte	0x7d
 756 02d0 00       		.sleb128 0
 757 02d1 01       		.byte	0x1
 758 02d2 E5020000 		.4byte	0x2e5
 759 02d6 0F       		.uleb128 0xf
 760 02d7 ED010000 		.4byte	.LASF36
 761 02db 01       		.byte	0x1
ARM GAS  /tmp/ccthSsoF.s 			page 18


 762 02dc 3E       		.byte	0x3e
 763 02dd 2E       		.byte	0x2e
 764 02de AE010000 		.4byte	0x1ae
 765 02e2 01       		.byte	0x1
 766 02e3 50       		.byte	0x50
 767 02e4 00       		.byte	0
 768 02e5 11       		.uleb128 0x11
 769 02e6 01       		.byte	0x1
 770 02e7 34010000 		.4byte	.LASF42
 771 02eb 01       		.byte	0x1
 772 02ec 25       		.byte	0x25
 773 02ed 06       		.byte	0x6
 774 02ee 01       		.byte	0x1
 775 02ef 00000000 		.4byte	.LFB5
 776 02f3 16000000 		.4byte	.LFE5
 777 02f7 02       		.byte	0x2
 778 02f8 7D       		.byte	0x7d
 779 02f9 00       		.sleb128 0
 780 02fa 01       		.byte	0x1
 781 02fb 0F       		.uleb128 0xf
 782 02fc 80020000 		.4byte	.LASF29
 783 0300 01       		.byte	0x1
 784 0301 25       		.byte	0x25
 785 0302 26       		.byte	0x26
 786 0303 0C020000 		.4byte	0x20c
 787 0307 01       		.byte	0x1
 788 0308 50       		.byte	0x50
 789 0309 00       		.byte	0
 790 030a 00       		.byte	0
 791              		.section	.debug_abbrev,"",%progbits
 792              	.Ldebug_abbrev0:
 793 0000 01       		.uleb128 0x1
 794 0001 11       		.uleb128 0x11
 795 0002 01       		.byte	0x1
 796 0003 25       		.uleb128 0x25
 797 0004 0E       		.uleb128 0xe
 798 0005 13       		.uleb128 0x13
 799 0006 0B       		.uleb128 0xb
 800 0007 03       		.uleb128 0x3
 801 0008 0E       		.uleb128 0xe
 802 0009 1B       		.uleb128 0x1b
 803 000a 0E       		.uleb128 0xe
 804 000b 11       		.uleb128 0x11
 805 000c 01       		.uleb128 0x1
 806 000d 12       		.uleb128 0x12
 807 000e 01       		.uleb128 0x1
 808 000f 10       		.uleb128 0x10
 809 0010 06       		.uleb128 0x6
 810 0011 00       		.byte	0
 811 0012 00       		.byte	0
 812 0013 02       		.uleb128 0x2
 813 0014 24       		.uleb128 0x24
 814 0015 00       		.byte	0
 815 0016 0B       		.uleb128 0xb
 816 0017 0B       		.uleb128 0xb
 817 0018 3E       		.uleb128 0x3e
 818 0019 0B       		.uleb128 0xb
ARM GAS  /tmp/ccthSsoF.s 			page 19


 819 001a 03       		.uleb128 0x3
 820 001b 0E       		.uleb128 0xe
 821 001c 00       		.byte	0
 822 001d 00       		.byte	0
 823 001e 03       		.uleb128 0x3
 824 001f 24       		.uleb128 0x24
 825 0020 00       		.byte	0
 826 0021 0B       		.uleb128 0xb
 827 0022 0B       		.uleb128 0xb
 828 0023 3E       		.uleb128 0x3e
 829 0024 0B       		.uleb128 0xb
 830 0025 03       		.uleb128 0x3
 831 0026 08       		.uleb128 0x8
 832 0027 00       		.byte	0
 833 0028 00       		.byte	0
 834 0029 04       		.uleb128 0x4
 835 002a 16       		.uleb128 0x16
 836 002b 00       		.byte	0
 837 002c 03       		.uleb128 0x3
 838 002d 0E       		.uleb128 0xe
 839 002e 3A       		.uleb128 0x3a
 840 002f 0B       		.uleb128 0xb
 841 0030 3B       		.uleb128 0x3b
 842 0031 0B       		.uleb128 0xb
 843 0032 39       		.uleb128 0x39
 844 0033 0B       		.uleb128 0xb
 845 0034 49       		.uleb128 0x49
 846 0035 13       		.uleb128 0x13
 847 0036 00       		.byte	0
 848 0037 00       		.byte	0
 849 0038 05       		.uleb128 0x5
 850 0039 0F       		.uleb128 0xf
 851 003a 00       		.byte	0
 852 003b 0B       		.uleb128 0xb
 853 003c 0B       		.uleb128 0xb
 854 003d 00       		.byte	0
 855 003e 00       		.byte	0
 856 003f 06       		.uleb128 0x6
 857 0040 35       		.uleb128 0x35
 858 0041 00       		.byte	0
 859 0042 49       		.uleb128 0x49
 860 0043 13       		.uleb128 0x13
 861 0044 00       		.byte	0
 862 0045 00       		.byte	0
 863 0046 07       		.uleb128 0x7
 864 0047 26       		.uleb128 0x26
 865 0048 00       		.byte	0
 866 0049 49       		.uleb128 0x49
 867 004a 13       		.uleb128 0x13
 868 004b 00       		.byte	0
 869 004c 00       		.byte	0
 870 004d 08       		.uleb128 0x8
 871 004e 13       		.uleb128 0x13
 872 004f 01       		.byte	0x1
 873 0050 03       		.uleb128 0x3
 874 0051 0E       		.uleb128 0xe
 875 0052 0B       		.uleb128 0xb
ARM GAS  /tmp/ccthSsoF.s 			page 20


 876 0053 0B       		.uleb128 0xb
 877 0054 3A       		.uleb128 0x3a
 878 0055 0B       		.uleb128 0xb
 879 0056 3B       		.uleb128 0x3b
 880 0057 0B       		.uleb128 0xb
 881 0058 39       		.uleb128 0x39
 882 0059 0B       		.uleb128 0xb
 883 005a 01       		.uleb128 0x1
 884 005b 13       		.uleb128 0x13
 885 005c 00       		.byte	0
 886 005d 00       		.byte	0
 887 005e 09       		.uleb128 0x9
 888 005f 0D       		.uleb128 0xd
 889 0060 00       		.byte	0
 890 0061 03       		.uleb128 0x3
 891 0062 0E       		.uleb128 0xe
 892 0063 3A       		.uleb128 0x3a
 893 0064 0B       		.uleb128 0xb
 894 0065 3B       		.uleb128 0x3b
 895 0066 0B       		.uleb128 0xb
 896 0067 39       		.uleb128 0x39
 897 0068 0B       		.uleb128 0xb
 898 0069 49       		.uleb128 0x49
 899 006a 13       		.uleb128 0x13
 900 006b 38       		.uleb128 0x38
 901 006c 0A       		.uleb128 0xa
 902 006d 00       		.byte	0
 903 006e 00       		.byte	0
 904 006f 0A       		.uleb128 0xa
 905 0070 0F       		.uleb128 0xf
 906 0071 00       		.byte	0
 907 0072 0B       		.uleb128 0xb
 908 0073 0B       		.uleb128 0xb
 909 0074 49       		.uleb128 0x49
 910 0075 13       		.uleb128 0x13
 911 0076 00       		.byte	0
 912 0077 00       		.byte	0
 913 0078 0B       		.uleb128 0xb
 914 0079 2E       		.uleb128 0x2e
 915 007a 01       		.byte	0x1
 916 007b 3F       		.uleb128 0x3f
 917 007c 0C       		.uleb128 0xc
 918 007d 03       		.uleb128 0x3
 919 007e 0E       		.uleb128 0xe
 920 007f 3A       		.uleb128 0x3a
 921 0080 0B       		.uleb128 0xb
 922 0081 3B       		.uleb128 0x3b
 923 0082 0B       		.uleb128 0xb
 924 0083 39       		.uleb128 0x39
 925 0084 0B       		.uleb128 0xb
 926 0085 27       		.uleb128 0x27
 927 0086 0C       		.uleb128 0xc
 928 0087 49       		.uleb128 0x49
 929 0088 13       		.uleb128 0x13
 930 0089 11       		.uleb128 0x11
 931 008a 01       		.uleb128 0x1
 932 008b 12       		.uleb128 0x12
ARM GAS  /tmp/ccthSsoF.s 			page 21


 933 008c 01       		.uleb128 0x1
 934 008d 40       		.uleb128 0x40
 935 008e 0A       		.uleb128 0xa
 936 008f 9742     		.uleb128 0x2117
 937 0091 0C       		.uleb128 0xc
 938 0092 01       		.uleb128 0x1
 939 0093 13       		.uleb128 0x13
 940 0094 00       		.byte	0
 941 0095 00       		.byte	0
 942 0096 0C       		.uleb128 0xc
 943 0097 05       		.uleb128 0x5
 944 0098 00       		.byte	0
 945 0099 03       		.uleb128 0x3
 946 009a 0E       		.uleb128 0xe
 947 009b 3A       		.uleb128 0x3a
 948 009c 0B       		.uleb128 0xb
 949 009d 3B       		.uleb128 0x3b
 950 009e 0B       		.uleb128 0xb
 951 009f 39       		.uleb128 0x39
 952 00a0 0B       		.uleb128 0xb
 953 00a1 49       		.uleb128 0x49
 954 00a2 13       		.uleb128 0x13
 955 00a3 02       		.uleb128 0x2
 956 00a4 06       		.uleb128 0x6
 957 00a5 B742     		.uleb128 0x2137
 958 00a7 06       		.uleb128 0x6
 959 00a8 00       		.byte	0
 960 00a9 00       		.byte	0
 961 00aa 0D       		.uleb128 0xd
 962 00ab 34       		.uleb128 0x34
 963 00ac 00       		.byte	0
 964 00ad 03       		.uleb128 0x3
 965 00ae 0E       		.uleb128 0xe
 966 00af 3A       		.uleb128 0x3a
 967 00b0 0B       		.uleb128 0xb
 968 00b1 3B       		.uleb128 0x3b
 969 00b2 0B       		.uleb128 0xb
 970 00b3 39       		.uleb128 0x39
 971 00b4 0B       		.uleb128 0xb
 972 00b5 49       		.uleb128 0x49
 973 00b6 13       		.uleb128 0x13
 974 00b7 02       		.uleb128 0x2
 975 00b8 06       		.uleb128 0x6
 976 00b9 B742     		.uleb128 0x2137
 977 00bb 06       		.uleb128 0x6
 978 00bc 00       		.byte	0
 979 00bd 00       		.byte	0
 980 00be 0E       		.uleb128 0xe
 981 00bf 2E       		.uleb128 0x2e
 982 00c0 01       		.byte	0x1
 983 00c1 3F       		.uleb128 0x3f
 984 00c2 0C       		.uleb128 0xc
 985 00c3 03       		.uleb128 0x3
 986 00c4 0E       		.uleb128 0xe
 987 00c5 3A       		.uleb128 0x3a
 988 00c6 0B       		.uleb128 0xb
 989 00c7 3B       		.uleb128 0x3b
ARM GAS  /tmp/ccthSsoF.s 			page 22


 990 00c8 0B       		.uleb128 0xb
 991 00c9 39       		.uleb128 0x39
 992 00ca 0B       		.uleb128 0xb
 993 00cb 27       		.uleb128 0x27
 994 00cc 0C       		.uleb128 0xc
 995 00cd 11       		.uleb128 0x11
 996 00ce 01       		.uleb128 0x1
 997 00cf 12       		.uleb128 0x12
 998 00d0 01       		.uleb128 0x1
 999 00d1 40       		.uleb128 0x40
 1000 00d2 06       		.uleb128 0x6
 1001 00d3 9742     		.uleb128 0x2117
 1002 00d5 0C       		.uleb128 0xc
 1003 00d6 01       		.uleb128 0x1
 1004 00d7 13       		.uleb128 0x13
 1005 00d8 00       		.byte	0
 1006 00d9 00       		.byte	0
 1007 00da 0F       		.uleb128 0xf
 1008 00db 05       		.uleb128 0x5
 1009 00dc 00       		.byte	0
 1010 00dd 03       		.uleb128 0x3
 1011 00de 0E       		.uleb128 0xe
 1012 00df 3A       		.uleb128 0x3a
 1013 00e0 0B       		.uleb128 0xb
 1014 00e1 3B       		.uleb128 0x3b
 1015 00e2 0B       		.uleb128 0xb
 1016 00e3 39       		.uleb128 0x39
 1017 00e4 0B       		.uleb128 0xb
 1018 00e5 49       		.uleb128 0x49
 1019 00e6 13       		.uleb128 0x13
 1020 00e7 02       		.uleb128 0x2
 1021 00e8 0A       		.uleb128 0xa
 1022 00e9 00       		.byte	0
 1023 00ea 00       		.byte	0
 1024 00eb 10       		.uleb128 0x10
 1025 00ec 2E       		.uleb128 0x2e
 1026 00ed 01       		.byte	0x1
 1027 00ee 3F       		.uleb128 0x3f
 1028 00ef 0C       		.uleb128 0xc
 1029 00f0 03       		.uleb128 0x3
 1030 00f1 0E       		.uleb128 0xe
 1031 00f2 3A       		.uleb128 0x3a
 1032 00f3 0B       		.uleb128 0xb
 1033 00f4 3B       		.uleb128 0x3b
 1034 00f5 0B       		.uleb128 0xb
 1035 00f6 39       		.uleb128 0x39
 1036 00f7 0B       		.uleb128 0xb
 1037 00f8 27       		.uleb128 0x27
 1038 00f9 0C       		.uleb128 0xc
 1039 00fa 11       		.uleb128 0x11
 1040 00fb 01       		.uleb128 0x1
 1041 00fc 12       		.uleb128 0x12
 1042 00fd 01       		.uleb128 0x1
 1043 00fe 40       		.uleb128 0x40
 1044 00ff 0A       		.uleb128 0xa
 1045 0100 9742     		.uleb128 0x2117
 1046 0102 0C       		.uleb128 0xc
ARM GAS  /tmp/ccthSsoF.s 			page 23


 1047 0103 01       		.uleb128 0x1
 1048 0104 13       		.uleb128 0x13
 1049 0105 00       		.byte	0
 1050 0106 00       		.byte	0
 1051 0107 11       		.uleb128 0x11
 1052 0108 2E       		.uleb128 0x2e
 1053 0109 01       		.byte	0x1
 1054 010a 3F       		.uleb128 0x3f
 1055 010b 0C       		.uleb128 0xc
 1056 010c 03       		.uleb128 0x3
 1057 010d 0E       		.uleb128 0xe
 1058 010e 3A       		.uleb128 0x3a
 1059 010f 0B       		.uleb128 0xb
 1060 0110 3B       		.uleb128 0x3b
 1061 0111 0B       		.uleb128 0xb
 1062 0112 39       		.uleb128 0x39
 1063 0113 0B       		.uleb128 0xb
 1064 0114 27       		.uleb128 0x27
 1065 0115 0C       		.uleb128 0xc
 1066 0116 11       		.uleb128 0x11
 1067 0117 01       		.uleb128 0x1
 1068 0118 12       		.uleb128 0x12
 1069 0119 01       		.uleb128 0x1
 1070 011a 40       		.uleb128 0x40
 1071 011b 0A       		.uleb128 0xa
 1072 011c 9742     		.uleb128 0x2117
 1073 011e 0C       		.uleb128 0xc
 1074 011f 00       		.byte	0
 1075 0120 00       		.byte	0
 1076 0121 00       		.byte	0
 1077              		.section	.debug_loc,"",%progbits
 1078              	.Ldebug_loc0:
 1079              	.LVUS4:
 1080 0000 00       		.uleb128 0
 1081 0001 00       		.uleb128 .LVU93
 1082 0002 00       		.uleb128 .LVU93
 1083 0003 00       		.uleb128 0
 1084              	.LLST4:
 1085 0004 62000000 		.4byte	.LVL12-.Ltext0
 1086 0008 80000000 		.4byte	.LVL14-.Ltext0
 1087 000c 0100     		.2byte	0x1
 1088 000e 50       		.byte	0x50
 1089 000f 80000000 		.4byte	.LVL14-.Ltext0
 1090 0013 82000000 		.4byte	.LFE9-.Ltext0
 1091 0017 0400     		.2byte	0x4
 1092 0019 F3       		.byte	0xf3
 1093 001a 01       		.uleb128 0x1
 1094 001b 50       		.byte	0x50
 1095 001c 9F       		.byte	0x9f
 1096 001d 00000000 		.4byte	0
 1097 0021 00000000 		.4byte	0
 1098              	.LVUS5:
 1099 0025 00       		.uleb128 .LVU75
 1100 0026 00       		.uleb128 0
 1101              	.LLST5:
 1102 0027 64000000 		.4byte	.LVL13-.Ltext0
 1103 002b 82000000 		.4byte	.LFE9-.Ltext0
ARM GAS  /tmp/ccthSsoF.s 			page 24


 1104 002f 0100     		.2byte	0x1
 1105 0031 53       		.byte	0x53
 1106 0032 00000000 		.4byte	0
 1107 0036 00000000 		.4byte	0
 1108              	.LLST1:
 1109 003a 34000000 		.4byte	.LFB8-.Ltext0
 1110 003e 36000000 		.4byte	.LCFI0-.Ltext0
 1111 0042 0200     		.2byte	0x2
 1112 0044 7D       		.byte	0x7d
 1113 0045 00       		.sleb128 0
 1114 0046 36000000 		.4byte	.LCFI0-.Ltext0
 1115 004a 62000000 		.4byte	.LFE8-.Ltext0
 1116 004e 0200     		.2byte	0x2
 1117 0050 7D       		.byte	0x7d
 1118 0051 0C       		.sleb128 12
 1119 0052 00000000 		.4byte	0
 1120 0056 00000000 		.4byte	0
 1121              	.LVUS2:
 1122 005a 00       		.uleb128 .LVU52
 1123 005b 00       		.uleb128 .LVU63
 1124 005c 00       		.uleb128 .LVU63
 1125 005d 00       		.uleb128 .LVU67
 1126 005e 00       		.uleb128 .LVU69
 1127 005f 00       		.uleb128 .LVU71
 1128 0060 00       		.uleb128 .LVU71
 1129 0061 00       		.uleb128 0
 1130              	.LLST2:
 1131 0062 3E000000 		.4byte	.LVL7-.Ltext0
 1132 0066 4A000000 		.4byte	.LVL8-.Ltext0
 1133 006a 0100     		.2byte	0x1
 1134 006c 53       		.byte	0x53
 1135 006d 4A000000 		.4byte	.LVL8-.Ltext0
 1136 0071 52000000 		.4byte	.LVL9-.Ltext0
 1137 0075 0200     		.2byte	0x2
 1138 0077 71       		.byte	0x71
 1139 0078 08       		.sleb128 8
 1140 0079 56000000 		.4byte	.LVL10-.Ltext0
 1141 007d 5A000000 		.4byte	.LVL11-.Ltext0
 1142 0081 0100     		.2byte	0x1
 1143 0083 52       		.byte	0x52
 1144 0084 5A000000 		.4byte	.LVL11-.Ltext0
 1145 0088 62000000 		.4byte	.LFE8-.Ltext0
 1146 008c 0100     		.2byte	0x1
 1147 008e 53       		.byte	0x53
 1148 008f 00000000 		.4byte	0
 1149 0093 00000000 		.4byte	0
 1150              	.LVUS3:
 1151 0097 00       		.uleb128 .LVU46
 1152 0098 00       		.uleb128 0
 1153              	.LLST3:
 1154 0099 38000000 		.4byte	.LVL6-.Ltext0
 1155 009d 62000000 		.4byte	.LFE8-.Ltext0
 1156 00a1 0100     		.2byte	0x1
 1157 00a3 54       		.byte	0x54
 1158 00a4 00000000 		.4byte	0
 1159 00a8 00000000 		.4byte	0
 1160              	.LVUS0:
ARM GAS  /tmp/ccthSsoF.s 			page 25


 1161 00ac 00       		.uleb128 .LVU23
 1162 00ad 00       		.uleb128 .LVU37
 1163 00ae 00       		.uleb128 .LVU37
 1164 00af 00       		.uleb128 0
 1165              	.LLST0:
 1166 00b0 1E000000 		.4byte	.LVL3-.Ltext0
 1167 00b4 2C000000 		.4byte	.LVL4-.Ltext0
 1168 00b8 0100     		.2byte	0x1
 1169 00ba 53       		.byte	0x53
 1170 00bb 2C000000 		.4byte	.LVL4-.Ltext0
 1171 00bf 34000000 		.4byte	.LFE7-.Ltext0
 1172 00c3 0200     		.2byte	0x2
 1173 00c5 70       		.byte	0x70
 1174 00c6 04       		.sleb128 4
 1175 00c7 00000000 		.4byte	0
 1176 00cb 00000000 		.4byte	0
 1177              		.section	.debug_aranges,"",%progbits
 1178 0000 1C000000 		.4byte	0x1c
 1179 0004 0200     		.2byte	0x2
 1180 0006 00000000 		.4byte	.Ldebug_info0
 1181 000a 04       		.byte	0x4
 1182 000b 00       		.byte	0
 1183 000c 0000     		.2byte	0
 1184 000e 0000     		.2byte	0
 1185 0010 00000000 		.4byte	.Ltext0
 1186 0014 82000000 		.4byte	.Letext0-.Ltext0
 1187 0018 00000000 		.4byte	0
 1188 001c 00000000 		.4byte	0
 1189              		.section	.debug_line,"",%progbits
 1190              	.Ldebug_line0:
 1191 0000 65020000 		.section	.debug_str,"MS",%progbits,1
 1191      0300DA00 
 1191      00000201 
 1191      FB0E0D00 
 1191      01010101 
 1192              	.LASF19:
 1193 0000 7076436F 		.ascii	"pvContainer\000"
 1193      6E746169 
 1193      6E657200 
 1194              	.LASF14:
 1195 000c 5469636B 		.ascii	"TickType_t\000"
 1195      54797065 
 1195      5F7400
 1196              	.LASF27:
 1197 0017 4D696E69 		.ascii	"MiniListItem_t\000"
 1197      4C697374 
 1197      4974656D 
 1197      5F7400
 1198              	.LASF38:
 1199 0026 2E2E2F66 		.ascii	"../freertos/list.c\000"
 1199      72656572 
 1199      746F732F 
 1199      6C697374 
 1199      2E6300
 1200              	.LASF15:
 1201 0039 78497465 		.ascii	"xItemValue\000"
 1201      6D56616C 
ARM GAS  /tmp/ccthSsoF.s 			page 26


 1201      756500
 1202              	.LASF24:
 1203 0044 784C6973 		.ascii	"xListEnd\000"
 1203      74456E64 
 1203      00
 1204              	.LASF18:
 1205 004d 70764F77 		.ascii	"pvOwner\000"
 1205      6E657200 
 1206              	.LASF20:
 1207 0055 784C4953 		.ascii	"xLIST_ITEM\000"
 1207      545F4954 
 1207      454D00
 1208              	.LASF39:
 1209 0060 2F686F6D 		.ascii	"/home/junior/Codigos/6-Stm32_GCC_FreeRTOS10.2.1/6-i"
 1209      652F6A75 
 1209      6E696F72 
 1209      2F436F64 
 1209      69676F73 
 1210 0093 6E665265 		.ascii	"nfRed\000"
 1210      6400
 1211              	.LASF4:
 1212 0099 756E7369 		.ascii	"unsigned char\000"
 1212      676E6564 
 1212      20636861 
 1212      7200
 1213              	.LASF8:
 1214 00a7 6C6F6E67 		.ascii	"long unsigned int\000"
 1214      20756E73 
 1214      69676E65 
 1214      6420696E 
 1214      7400
 1215              	.LASF41:
 1216 00b9 70784974 		.ascii	"pxItemToRemove\000"
 1216      656D546F 
 1216      52656D6F 
 1216      766500
 1217              	.LASF6:
 1218 00c8 73686F72 		.ascii	"short unsigned int\000"
 1218      7420756E 
 1218      7369676E 
 1218      65642069 
 1218      6E7400
 1219              	.LASF35:
 1220 00db 764C6973 		.ascii	"vListInitialiseItem\000"
 1220      74496E69 
 1220      7469616C 
 1220      69736549 
 1220      74656D00 
 1221              	.LASF28:
 1222 00ef 4C697374 		.ascii	"List_t\000"
 1222      5F7400
 1223              	.LASF11:
 1224 00f6 5F5F7569 		.ascii	"__uint32_t\000"
 1224      6E743332 
 1224      5F7400
 1225              	.LASF22:
 1226 0101 75784E75 		.ascii	"uxNumberOfItems\000"
ARM GAS  /tmp/ccthSsoF.s 			page 27


 1226      6D626572 
 1226      4F664974 
 1226      656D7300 
 1227              	.LASF34:
 1228 0111 764C6973 		.ascii	"vListInsertEnd\000"
 1228      74496E73 
 1228      65727445 
 1228      6E6400
 1229              	.LASF16:
 1230 0120 70784E65 		.ascii	"pxNext\000"
 1230      787400
 1231              	.LASF0:
 1232 0127 756E7369 		.ascii	"unsigned int\000"
 1232      676E6564 
 1232      20696E74 
 1232      00
 1233              	.LASF42:
 1234 0134 764C6973 		.ascii	"vListInitialise\000"
 1234      74496E69 
 1234      7469616C 
 1234      69736500 
 1235              	.LASF32:
 1236 0144 7856616C 		.ascii	"xValueOfInsertion\000"
 1236      75654F66 
 1236      496E7365 
 1236      7274696F 
 1236      6E00
 1237              	.LASF9:
 1238 0156 6C6F6E67 		.ascii	"long long unsigned int\000"
 1238      206C6F6E 
 1238      6720756E 
 1238      7369676E 
 1238      65642069 
 1239              	.LASF37:
 1240 016d 474E5520 		.ascii	"GNU C17 10.3.1 20210824 (release) -mcpu=cortex-m3 -"
 1240      43313720 
 1240      31302E33 
 1240      2E312032 
 1240      30323130 
 1241 01a0 6D746875 		.ascii	"mthumb -mfloat-abi=soft -march=armv7-m -g -gdwarf-2"
 1241      6D62202D 
 1241      6D666C6F 
 1241      61742D61 
 1241      62693D73 
 1242 01d3 202D4F73 		.ascii	" -Os -fomit-frame-pointer\000"
 1242      202D666F 
 1242      6D69742D 
 1242      6672616D 
 1242      652D706F 
 1243              	.LASF36:
 1244 01ed 70784974 		.ascii	"pxItem\000"
 1244      656D00
 1245              	.LASF13:
 1246 01f4 55426173 		.ascii	"UBaseType_t\000"
 1246      65547970 
 1246      655F7400 
 1247              	.LASF25:
ARM GAS  /tmp/ccthSsoF.s 			page 28


 1248 0200 4C697374 		.ascii	"ListItem_t\000"
 1248      4974656D 
 1248      5F7400
 1249              	.LASF1:
 1250 020b 6C6F6E67 		.ascii	"long long int\000"
 1250      206C6F6E 
 1250      6720696E 
 1250      7400
 1251              	.LASF10:
 1252 0219 63686172 		.ascii	"char\000"
 1252      00
 1253              	.LASF31:
 1254 021e 70784974 		.ascii	"pxIterator\000"
 1254      65726174 
 1254      6F7200
 1255              	.LASF5:
 1256 0229 73686F72 		.ascii	"short int\000"
 1256      7420696E 
 1256      7400
 1257              	.LASF23:
 1258 0233 7078496E 		.ascii	"pxIndex\000"
 1258      64657800 
 1259              	.LASF17:
 1260 023b 70785072 		.ascii	"pxPrevious\000"
 1260      6576696F 
 1260      757300
 1261              	.LASF12:
 1262 0246 75696E74 		.ascii	"uint32_t\000"
 1262      33325F74 
 1262      00
 1263              	.LASF7:
 1264 024f 6C6F6E67 		.ascii	"long int\000"
 1264      20696E74 
 1264      00
 1265              	.LASF2:
 1266 0258 6C6F6E67 		.ascii	"long double\000"
 1266      20646F75 
 1266      626C6500 
 1267              	.LASF26:
 1268 0264 784D494E 		.ascii	"xMINI_LIST_ITEM\000"
 1268      495F4C49 
 1268      53545F49 
 1268      54454D00 
 1269              	.LASF3:
 1270 0274 7369676E 		.ascii	"signed char\000"
 1270      65642063 
 1270      68617200 
 1271              	.LASF29:
 1272 0280 70784C69 		.ascii	"pxList\000"
 1272      737400
 1273              	.LASF21:
 1274 0287 784C4953 		.ascii	"xLIST\000"
 1274      5400
 1275              	.LASF40:
 1276 028d 75784C69 		.ascii	"uxListRemove\000"
 1276      73745265 
 1276      6D6F7665 
ARM GAS  /tmp/ccthSsoF.s 			page 29


 1276      00
 1277              	.LASF30:
 1278 029a 70784E65 		.ascii	"pxNewListItem\000"
 1278      774C6973 
 1278      74497465 
 1278      6D00
 1279              	.LASF33:
 1280 02a8 764C6973 		.ascii	"vListInsert\000"
 1280      74496E73 
 1280      65727400 
 1281              		.ident	"GCC: (GNU Arm Embedded Toolchain 10.3-2021.10) 10.3.1 20210824 (release)"
ARM GAS  /tmp/ccthSsoF.s 			page 30


DEFINED SYMBOLS
                            *ABS*:0000000000000000 list.c
     /tmp/ccthSsoF.s:77     .text:0000000000000000 $t
     /tmp/ccthSsoF.s:83     .text:0000000000000000 vListInitialise
     /tmp/ccthSsoF.s:129    .text:0000000000000016 vListInitialiseItem
     /tmp/ccthSsoF.s:156    .text:000000000000001c vListInsertEnd
     /tmp/ccthSsoF.s:217    .text:0000000000000034 vListInsert
     /tmp/ccthSsoF.s:315    .text:0000000000000062 uxListRemove

NO UNDEFINED SYMBOLS
