Archive member included to satisfy reference by file (symbol)

/usr/bin/../lib/gcc/arm-none-eabi/10.3.1/../../../../arm-none-eabi/lib/thumb/v7-m/nofp/libg.a(lib_a-memcpy.o)
                              ../freertos/queue.o (memcpy)
/usr/bin/../lib/gcc/arm-none-eabi/10.3.1/../../../../arm-none-eabi/lib/thumb/v7-m/nofp/libg.a(lib_a-memset.o)
                              ../freertos/tasks.o (memset)

Discarded input sections

 .text          0x0000000000000000       0x14 ../stm32f10x_lib/CMSIS/CM3/DeviceSupport/ST/STM32F10x/startup/gcc_ride7/startup_stm32f10x_hd.o
 .data          0x0000000000000000        0x0 ../stm32f10x_lib/CMSIS/CM3/DeviceSupport/ST/STM32F10x/startup/gcc_ride7/startup_stm32f10x_hd.o
 .bss           0x0000000000000000        0x0 ../stm32f10x_lib/CMSIS/CM3/DeviceSupport/ST/STM32F10x/startup/gcc_ride7/startup_stm32f10x_hd.o
 .data          0x0000000000000000        0x0 ../user/main.o
 .bss           0x0000000000000000        0x0 ../user/main.o
 .bss           0x0000000000000000        0x0 ../stm32f10x_lib/CMSIS/CM3/DeviceSupport/ST/STM32F10x/system_stm32f10x.o
 .text          0x0000000000000000       0x8a ../stm32f10x_lib/CMSIS/CM3/CoreSupport/core_cm3.o
 .data          0x0000000000000000        0x0 ../stm32f10x_lib/CMSIS/CM3/CoreSupport/core_cm3.o
 .bss           0x0000000000000000        0x0 ../stm32f10x_lib/CMSIS/CM3/CoreSupport/core_cm3.o
 .debug_info    0x0000000000000000      0x63b ../stm32f10x_lib/CMSIS/CM3/CoreSupport/core_cm3.o
 .debug_abbrev  0x0000000000000000       0xe4 ../stm32f10x_lib/CMSIS/CM3/CoreSupport/core_cm3.o
 .debug_loc     0x0000000000000000      0x35c ../stm32f10x_lib/CMSIS/CM3/CoreSupport/core_cm3.o
 .debug_aranges
                0x0000000000000000       0x20 ../stm32f10x_lib/CMSIS/CM3/CoreSupport/core_cm3.o
 .debug_ranges  0x0000000000000000       0x10 ../stm32f10x_lib/CMSIS/CM3/CoreSupport/core_cm3.o
 .debug_line    0x0000000000000000      0x274 ../stm32f10x_lib/CMSIS/CM3/CoreSupport/core_cm3.o
 .debug_str     0x0000000000000000      0x302 ../stm32f10x_lib/CMSIS/CM3/CoreSupport/core_cm3.o
 .comment       0x0000000000000000       0x4a ../stm32f10x_lib/CMSIS/CM3/CoreSupport/core_cm3.o
 .debug_frame   0x0000000000000000      0x170 ../stm32f10x_lib/CMSIS/CM3/CoreSupport/core_cm3.o
 .ARM.attributes
                0x0000000000000000       0x2d ../stm32f10x_lib/CMSIS/CM3/CoreSupport/core_cm3.o
 .text          0x0000000000000000      0x344 ../stm32f10x_lib/STM32F10x_StdPeriph_Driver/src/stm32f10x_rcc.o
 .data          0x0000000000000000       0x14 ../stm32f10x_lib/STM32F10x_StdPeriph_Driver/src/stm32f10x_rcc.o
 .bss           0x0000000000000000        0x0 ../stm32f10x_lib/STM32F10x_StdPeriph_Driver/src/stm32f10x_rcc.o
 .debug_info    0x0000000000000000      0xaa4 ../stm32f10x_lib/STM32F10x_StdPeriph_Driver/src/stm32f10x_rcc.o
 .debug_abbrev  0x0000000000000000      0x2b9 ../stm32f10x_lib/STM32F10x_StdPeriph_Driver/src/stm32f10x_rcc.o
 .debug_loc     0x0000000000000000      0x768 ../stm32f10x_lib/STM32F10x_StdPeriph_Driver/src/stm32f10x_rcc.o
 .debug_aranges
                0x0000000000000000       0x20 ../stm32f10x_lib/STM32F10x_StdPeriph_Driver/src/stm32f10x_rcc.o
 .debug_ranges  0x0000000000000000       0x20 ../stm32f10x_lib/STM32F10x_StdPeriph_Driver/src/stm32f10x_rcc.o
 .debug_line    0x0000000000000000      0x801 ../stm32f10x_lib/STM32F10x_StdPeriph_Driver/src/stm32f10x_rcc.o
 .debug_str     0x0000000000000000      0x632 ../stm32f10x_lib/STM32F10x_StdPeriph_Driver/src/stm32f10x_rcc.o
 .comment       0x0000000000000000       0x4a ../stm32f10x_lib/STM32F10x_StdPeriph_Driver/src/stm32f10x_rcc.o
 .debug_frame   0x0000000000000000      0x220 ../stm32f10x_lib/STM32F10x_StdPeriph_Driver/src/stm32f10x_rcc.o
 .ARM.attributes
                0x0000000000000000       0x2d ../stm32f10x_lib/STM32F10x_StdPeriph_Driver/src/stm32f10x_rcc.o
 .text          0x0000000000000000      0x288 ../stm32f10x_lib/STM32F10x_StdPeriph_Driver/src/stm32f10x_gpio.o
 .data          0x0000000000000000        0x0 ../stm32f10x_lib/STM32F10x_StdPeriph_Driver/src/stm32f10x_gpio.o
 .bss           0x0000000000000000        0x0 ../stm32f10x_lib/STM32F10x_StdPeriph_Driver/src/stm32f10x_gpio.o
 .debug_info    0x0000000000000000      0x8ef ../stm32f10x_lib/STM32F10x_StdPeriph_Driver/src/stm32f10x_gpio.o
 .debug_abbrev  0x0000000000000000      0x259 ../stm32f10x_lib/STM32F10x_StdPeriph_Driver/src/stm32f10x_gpio.o
 .debug_loc     0x0000000000000000      0x69f ../stm32f10x_lib/STM32F10x_StdPeriph_Driver/src/stm32f10x_gpio.o
 .debug_aranges
                0x0000000000000000       0x20 ../stm32f10x_lib/STM32F10x_StdPeriph_Driver/src/stm32f10x_gpio.o
 .debug_line    0x0000000000000000      0x60d ../stm32f10x_lib/STM32F10x_StdPeriph_Driver/src/stm32f10x_gpio.o
 .debug_str     0x0000000000000000      0x548 ../stm32f10x_lib/STM32F10x_StdPeriph_Driver/src/stm32f10x_gpio.o
 .comment       0x0000000000000000       0x4a ../stm32f10x_lib/STM32F10x_StdPeriph_Driver/src/stm32f10x_gpio.o
 .debug_frame   0x0000000000000000      0x170 ../stm32f10x_lib/STM32F10x_StdPeriph_Driver/src/stm32f10x_gpio.o
 .ARM.attributes
                0x0000000000000000       0x2d ../stm32f10x_lib/STM32F10x_StdPeriph_Driver/src/stm32f10x_gpio.o
 .text          0x0000000000000000       0xec ../stm32f10x_lib/STM32F10x_StdPeriph_Driver/src/stm32f10x_exti.o
 .data          0x0000000000000000        0x0 ../stm32f10x_lib/STM32F10x_StdPeriph_Driver/src/stm32f10x_exti.o
 .bss           0x0000000000000000        0x0 ../stm32f10x_lib/STM32F10x_StdPeriph_Driver/src/stm32f10x_exti.o
 .debug_info    0x0000000000000000      0x3a3 ../stm32f10x_lib/STM32F10x_StdPeriph_Driver/src/stm32f10x_exti.o
 .debug_abbrev  0x0000000000000000      0x1ee ../stm32f10x_lib/STM32F10x_StdPeriph_Driver/src/stm32f10x_exti.o
 .debug_loc     0x0000000000000000      0x19b ../stm32f10x_lib/STM32F10x_StdPeriph_Driver/src/stm32f10x_exti.o
 .debug_aranges
                0x0000000000000000       0x20 ../stm32f10x_lib/STM32F10x_StdPeriph_Driver/src/stm32f10x_exti.o
 .debug_line    0x0000000000000000      0x2d0 ../stm32f10x_lib/STM32F10x_StdPeriph_Driver/src/stm32f10x_exti.o
 .debug_str     0x0000000000000000      0x361 ../stm32f10x_lib/STM32F10x_StdPeriph_Driver/src/stm32f10x_exti.o
 .comment       0x0000000000000000       0x4a ../stm32f10x_lib/STM32F10x_StdPeriph_Driver/src/stm32f10x_exti.o
 .debug_frame   0x0000000000000000       0x9c ../stm32f10x_lib/STM32F10x_StdPeriph_Driver/src/stm32f10x_exti.o
 .ARM.attributes
                0x0000000000000000       0x2d ../stm32f10x_lib/STM32F10x_StdPeriph_Driver/src/stm32f10x_exti.o
 .text          0x0000000000000000      0x394 ../stm32f10x_lib/STM32F10x_StdPeriph_Driver/src/stm32f10x_usart.o
 .data          0x0000000000000000        0x0 ../stm32f10x_lib/STM32F10x_StdPeriph_Driver/src/stm32f10x_usart.o
 .bss           0x0000000000000000        0x0 ../stm32f10x_lib/STM32F10x_StdPeriph_Driver/src/stm32f10x_usart.o
 .debug_info    0x0000000000000000      0xc64 ../stm32f10x_lib/STM32F10x_StdPeriph_Driver/src/stm32f10x_usart.o
 .debug_abbrev  0x0000000000000000      0x235 ../stm32f10x_lib/STM32F10x_StdPeriph_Driver/src/stm32f10x_usart.o
 .debug_loc     0x0000000000000000      0x8af ../stm32f10x_lib/STM32F10x_StdPeriph_Driver/src/stm32f10x_usart.o
 .debug_aranges
                0x0000000000000000       0x20 ../stm32f10x_lib/STM32F10x_StdPeriph_Driver/src/stm32f10x_usart.o
 .debug_line    0x0000000000000000      0x7e3 ../stm32f10x_lib/STM32F10x_StdPeriph_Driver/src/stm32f10x_usart.o
 .debug_str     0x0000000000000000      0x6e8 ../stm32f10x_lib/STM32F10x_StdPeriph_Driver/src/stm32f10x_usart.o
 .comment       0x0000000000000000       0x4a ../stm32f10x_lib/STM32F10x_StdPeriph_Driver/src/stm32f10x_usart.o
 .debug_frame   0x0000000000000000      0x220 ../stm32f10x_lib/STM32F10x_StdPeriph_Driver/src/stm32f10x_usart.o
 .ARM.attributes
                0x0000000000000000       0x2d ../stm32f10x_lib/STM32F10x_StdPeriph_Driver/src/stm32f10x_usart.o
 .text          0x0000000000000000       0xb0 ../stm32f10x_lib/STM32F10x_StdPeriph_Driver/src/misc.o
 .data          0x0000000000000000        0x0 ../stm32f10x_lib/STM32F10x_StdPeriph_Driver/src/misc.o
 .bss           0x0000000000000000        0x0 ../stm32f10x_lib/STM32F10x_StdPeriph_Driver/src/misc.o
 .debug_info    0x0000000000000000      0x593 ../stm32f10x_lib/STM32F10x_StdPeriph_Driver/src/misc.o
 .debug_abbrev  0x0000000000000000      0x192 ../stm32f10x_lib/STM32F10x_StdPeriph_Driver/src/misc.o
 .debug_loc     0x0000000000000000      0x1cb ../stm32f10x_lib/STM32F10x_StdPeriph_Driver/src/misc.o
 .debug_aranges
                0x0000000000000000       0x20 ../stm32f10x_lib/STM32F10x_StdPeriph_Driver/src/misc.o
 .debug_line    0x0000000000000000      0x29d ../stm32f10x_lib/STM32F10x_StdPeriph_Driver/src/misc.o
 .debug_str     0x0000000000000000      0x3d0 ../stm32f10x_lib/STM32F10x_StdPeriph_Driver/src/misc.o
 .comment       0x0000000000000000       0x4a ../stm32f10x_lib/STM32F10x_StdPeriph_Driver/src/misc.o
 .debug_frame   0x0000000000000000       0x6c ../stm32f10x_lib/STM32F10x_StdPeriph_Driver/src/misc.o
 .ARM.attributes
                0x0000000000000000       0x2d ../stm32f10x_lib/STM32F10x_StdPeriph_Driver/src/misc.o
 .data          0x0000000000000000        0x0 ../freertos/list.o
 .bss           0x0000000000000000        0x0 ../freertos/list.o
 .data          0x0000000000000000        0x0 ../freertos/queue.o
 .bss           0x0000000000000000        0x0 ../freertos/queue.o
 .text          0x0000000000000000        0x0 ../freertos/croutine.o
 .data          0x0000000000000000        0x0 ../freertos/croutine.o
 .bss           0x0000000000000000        0x0 ../freertos/croutine.o
 .debug_info    0x0000000000000000       0x72 ../freertos/croutine.o
 .debug_abbrev  0x0000000000000000       0x26 ../freertos/croutine.o
 .debug_aranges
                0x0000000000000000       0x18 ../freertos/croutine.o
 .debug_line    0x0000000000000000       0x1d ../freertos/croutine.o
 .debug_str     0x0000000000000000      0x161 ../freertos/croutine.o
 .comment       0x0000000000000000       0x4a ../freertos/croutine.o
 .ARM.attributes
                0x0000000000000000       0x2d ../freertos/croutine.o
 .data          0x0000000000000000        0x0 ../freertos/tasks.o
 .data          0x0000000000000000        0x0 ../freertos/timers.o
 .bss           0x0000000000000000        0x0 ../freertos/portable/GCC/ARM_CM3/port.o
 .data          0x0000000000000000        0x0 ../freertos/portable/MemMang/heap_4.o
 .data          0x0000000000000000        0x0 /usr/bin/../lib/gcc/arm-none-eabi/10.3.1/../../../../arm-none-eabi/lib/thumb/v7-m/nofp/libg.a(lib_a-memcpy.o)
 .bss           0x0000000000000000        0x0 /usr/bin/../lib/gcc/arm-none-eabi/10.3.1/../../../../arm-none-eabi/lib/thumb/v7-m/nofp/libg.a(lib_a-memcpy.o)
 .text          0x0000000000000000        0x0 /usr/bin/../lib/gcc/arm-none-eabi/10.3.1/../../../../arm-none-eabi/lib/thumb/v7-m/nofp/libg.a(lib_a-memset.o)
 .data          0x0000000000000000        0x0 /usr/bin/../lib/gcc/arm-none-eabi/10.3.1/../../../../arm-none-eabi/lib/thumb/v7-m/nofp/libg.a(lib_a-memset.o)
 .bss           0x0000000000000000        0x0 /usr/bin/../lib/gcc/arm-none-eabi/10.3.1/../../../../arm-none-eabi/lib/thumb/v7-m/nofp/libg.a(lib_a-memset.o)

Memory Configuration

Name             Origin             Length             Attributes
flash            0x0000000008000000 0x0000000000010000 xr
ram              0x0000000020000000 0x0000000000005000 xrw
*default*        0x0000000000000000 0xffffffffffffffff

Linker script and memory map

LOAD ../stm32f10x_lib/CMSIS/CM3/DeviceSupport/ST/STM32F10x/startup/gcc_ride7/startup_stm32f10x_hd.o
LOAD ../user/main.o
LOAD ../stm32f10x_lib/CMSIS/CM3/DeviceSupport/ST/STM32F10x/system_stm32f10x.o
LOAD ../stm32f10x_lib/CMSIS/CM3/CoreSupport/core_cm3.o
LOAD ../stm32f10x_lib/STM32F10x_StdPeriph_Driver/src/stm32f10x_rcc.o
LOAD ../stm32f10x_lib/STM32F10x_StdPeriph_Driver/src/stm32f10x_gpio.o
LOAD ../stm32f10x_lib/STM32F10x_StdPeriph_Driver/src/stm32f10x_exti.o
LOAD ../stm32f10x_lib/STM32F10x_StdPeriph_Driver/src/stm32f10x_usart.o
LOAD ../stm32f10x_lib/STM32F10x_StdPeriph_Driver/src/misc.o
LOAD ../freertos/list.o
LOAD ../freertos/queue.o
LOAD ../freertos/croutine.o
LOAD ../freertos/tasks.o
LOAD ../freertos/timers.o
LOAD ../freertos/portable/GCC/ARM_CM3/port.o
LOAD ../freertos/portable/MemMang/heap_4.o
START GROUP
LOAD /usr/bin/../lib/gcc/arm-none-eabi/10.3.1/thumb/v7-m/nofp/libgcc.a
LOAD /usr/bin/../lib/gcc/arm-none-eabi/10.3.1/../../../../arm-none-eabi/lib/thumb/v7-m/nofp/libg.a
LOAD /usr/bin/../lib/gcc/arm-none-eabi/10.3.1/../../../../arm-none-eabi/lib/thumb/v7-m/nofp/libc.a
END GROUP
                0x0000000000000000                _heap_size = 0x0
                0x0000000000000000                _stack_size = 0x0
                0x0000000020005000                _estack = (ORIGIN (ram) + LENGTH (ram))

.isr_vector     0x0000000008000000      0x1e4
                0x0000000008000000                __isr_vector_start__ = .
 *(.isr_vector)
 .isr_vector    0x0000000008000000      0x1e4 ../stm32f10x_lib/CMSIS/CM3/DeviceSupport/ST/STM32F10x/startup/gcc_ride7/startup_stm32f10x_hd.o
                0x0000000008000000                g_pfnVectors
                0x0000000000000001                ASSERT ((. != __isr_vector_start__), The .isr_vector section is empty)

.text           0x00000000080001f0     0x2564
                0x00000000080001f0                . = ALIGN (0x4)
                0x00000000080001f0                _stext = .
 *(.text*)
 .text.Reset_Handler
                0x00000000080001f0       0x44 ../stm32f10x_lib/CMSIS/CM3/DeviceSupport/ST/STM32F10x/startup/gcc_ride7/startup_stm32f10x_hd.o
                0x00000000080001f0                Reset_Handler
 .text.Default_Handler
                0x0000000008000234        0x2 ../stm32f10x_lib/CMSIS/CM3/DeviceSupport/ST/STM32F10x/startup/gcc_ride7/startup_stm32f10x_hd.o
                0x0000000008000234                EXTI2_IRQHandler
                0x0000000008000234                TIM8_TRG_COM_IRQHandler
                0x0000000008000234                TIM8_CC_IRQHandler
                0x0000000008000234                DebugMon_Handler
                0x0000000008000234                TIM1_CC_IRQHandler
                0x0000000008000234                HardFault_Handler
                0x0000000008000234                TIM6_IRQHandler
                0x0000000008000234                PVD_IRQHandler
                0x0000000008000234                SDIO_IRQHandler
                0x0000000008000234                NMI_Handler
                0x0000000008000234                EXTI3_IRQHandler
                0x0000000008000234                EXTI0_IRQHandler
                0x0000000008000234                I2C2_EV_IRQHandler
                0x0000000008000234                UsageFault_Handler
                0x0000000008000234                ADC1_2_IRQHandler
                0x0000000008000234                SPI1_IRQHandler
                0x0000000008000234                TAMPER_IRQHandler
                0x0000000008000234                TIM8_UP_IRQHandler
                0x0000000008000234                DMA2_Channel2_IRQHandler
                0x0000000008000234                DMA1_Channel4_IRQHandler
                0x0000000008000234                USART3_IRQHandler
                0x0000000008000234                RTC_IRQHandler
                0x0000000008000234                DMA1_Channel7_IRQHandler
                0x0000000008000234                CAN1_RX1_IRQHandler
                0x0000000008000234                UART5_IRQHandler
                0x0000000008000234                ADC3_IRQHandler
                0x0000000008000234                TIM4_IRQHandler
                0x0000000008000234                DMA2_Channel1_IRQHandler
                0x0000000008000234                I2C1_EV_IRQHandler
                0x0000000008000234                DMA1_Channel6_IRQHandler
                0x0000000008000234                UART4_IRQHandler
                0x0000000008000234                TIM3_IRQHandler
                0x0000000008000234                RCC_IRQHandler
                0x0000000008000234                TIM1_TRG_COM_IRQHandler
                0x0000000008000234                DMA1_Channel1_IRQHandler
                0x0000000008000234                Default_Handler
                0x0000000008000234                EXTI15_10_IRQHandler
                0x0000000008000234                TIM7_IRQHandler
                0x0000000008000234                TIM5_IRQHandler
                0x0000000008000234                EXTI9_5_IRQHandler
                0x0000000008000234                SPI2_IRQHandler
                0x0000000008000234                MemManage_Handler
                0x0000000008000234                DMA1_Channel5_IRQHandler
                0x0000000008000234                EXTI4_IRQHandler
                0x0000000008000234                USB_LP_CAN1_RX0_IRQHandler
                0x0000000008000234                USB_HP_CAN1_TX_IRQHandler
                0x0000000008000234                DMA1_Channel3_IRQHandler
                0x0000000008000234                FSMC_IRQHandler
                0x0000000008000234                TIM1_UP_IRQHandler
                0x0000000008000234                WWDG_IRQHandler
                0x0000000008000234                TIM2_IRQHandler
                0x0000000008000234                TIM1_BRK_IRQHandler
                0x0000000008000234                EXTI1_IRQHandler
                0x0000000008000234                RTCAlarm_IRQHandler
                0x0000000008000234                DMA2_Channel4_5_IRQHandler
                0x0000000008000234                USART2_IRQHandler
                0x0000000008000234                I2C2_ER_IRQHandler
                0x0000000008000234                DMA1_Channel2_IRQHandler
                0x0000000008000234                TIM8_BRK_IRQHandler
                0x0000000008000234                CAN1_SCE_IRQHandler
                0x0000000008000234                FLASH_IRQHandler
                0x0000000008000234                BusFault_Handler
                0x0000000008000234                USART1_IRQHandler
                0x0000000008000234                SPI3_IRQHandler
                0x0000000008000234                I2C1_ER_IRQHandler
                0x0000000008000234                USBWakeUp_IRQHandler
                0x0000000008000234                DMA2_Channel3_IRQHandler
 *fill*         0x0000000008000236        0x2 
 .text          0x0000000008000238      0x11c ../user/main.o
                0x0000000008000254                set_system_clock_to_72Mhz
                0x00000000080002c8                Delay
                0x00000000080002f4                enable_TIM3_delay
                0x000000000800031c                enable_interrupt
                0x0000000008000334                disable_interrupt
                0x0000000008000350                vApplicationStackOverflowHook
 .text.startup  0x0000000008000354       0x6c ../user/main.o
                0x0000000008000354                main
 .text          0x00000000080003c0      0x144 ../stm32f10x_lib/CMSIS/CM3/DeviceSupport/ST/STM32F10x/system_stm32f10x.o
                0x00000000080003c0                SystemInit
                0x00000000080004b0                SystemCoreClockUpdate
 .text          0x0000000008000504       0x82 ../freertos/list.o
                0x0000000008000504                vListInitialise
                0x000000000800051a                vListInitialiseItem
                0x0000000008000520                vListInsertEnd
                0x0000000008000538                vListInsert
                0x0000000008000566                uxListRemove
 .text          0x0000000008000586      0x83c ../freertos/queue.o
                0x000000000800069e                xQueueGenericReset
                0x0000000008000708                xQueueGenericCreate
                0x000000000800073c                xQueueCreateCountingSemaphore
                0x000000000800074e                xQueueGenericSend
                0x0000000008000852                xQueueCreateMutex
                0x0000000008000876                xQueueGiveMutexRecursive
                0x000000000800089e                xQueueGenericSendFromISR
                0x0000000008000906                xQueueGiveFromISR
                0x0000000008000962                xQueueReceive
                0x0000000008000a50                xQueueSemaphoreTake
                0x0000000008000b76                xQueueTakeMutexRecursive
                0x0000000008000ba4                xQueuePeek
                0x0000000008000c92                xQueueReceiveFromISR
                0x0000000008000cfa                xQueuePeekFromISR
                0x0000000008000d2a                uxQueueMessagesWaiting
                0x0000000008000d3c                uxQueueSpacesAvailable
                0x0000000008000d52                uxQueueMessagesWaitingFromISR
                0x0000000008000d56                vQueueDelete
                0x0000000008000d5a                uxQueueGetQueueNumber
                0x0000000008000d5e                vQueueSetQueueNumber
                0x0000000008000d62                ucQueueGetQueueType
                0x0000000008000d68                xQueueIsQueueEmptyFromISR
                0x0000000008000d72                xQueueIsQueueFullFromISR
                0x0000000008000d7e                vQueueWaitForMessageRestricted
 *fill*         0x0000000008000dc2        0x2 
 .text          0x0000000008000dc4     0x1138 ../freertos/tasks.o
                0x0000000008000ea4                xTaskCreate
                0x0000000008001028                vTaskDelete
                0x00000000080010c8                eTaskGetState
                0x000000000800112c                uxTaskPriorityGet
                0x0000000008001148                uxTaskPriorityGetFromISR
                0x0000000008001170                vTaskPrioritySet
                0x0000000008001234                vTaskResume
                0x00000000080012ac                xTaskResumeFromISR
                0x0000000008001330                vTaskStartScheduler
                0x000000000800138c                vTaskEndScheduler
                0x00000000080013ac                vTaskSuspendAll
                0x00000000080013c0                xTaskGetTickCount
                0x00000000080013cc                xTaskGetTickCountFromISR
                0x00000000080013d8                uxTaskGetNumberOfTasks
                0x00000000080013e4                pcTaskGetName
                0x00000000080013f4                xTaskIncrementTick
                0x00000000080014c0                xTaskResumeAll
                0x0000000008001580                vTaskDelayUntil
                0x00000000080015cc                vTaskDelay
                0x00000000080015fa                vTaskSwitchContext
                0x0000000008001648                vTaskSuspend
                0x00000000080016f0                vTaskPlaceOnEventList
                0x0000000008001710                vTaskPlaceOnUnorderedEventList
                0x0000000008001738                vTaskPlaceOnEventListRestricted
                0x0000000008001764                xTaskRemoveFromEventList
                0x00000000080017c0                vTaskRemoveFromUnorderedEventList
                0x000000000800180c                vTaskSetTimeOutState
                0x000000000800182c                vTaskInternalSetTimeOutState
                0x0000000008001840                xTaskCheckForTimeOut
                0x000000000800188c                vTaskMissedYield
                0x000000000800189c                uxTaskGetTaskNumber
                0x00000000080018a2                vTaskSetTaskNumber
                0x00000000080018a8                vTaskGetInfo
                0x0000000008001984                uxTaskGetSystemState
                0x0000000008001a1c                xTaskGetCurrentTaskHandle
                0x0000000008001a28                xTaskGetSchedulerState
                0x0000000008001a48                xTaskPriorityInherit
                0x0000000008001ae8                xTaskPriorityDisinherit
                0x0000000008001b58                vTaskPriorityDisinheritAfterTimeout
                0x0000000008001bdc                uxTaskResetEventItemValue
                0x0000000008001bf4                pvTaskIncrementMutexHeldCount
                0x0000000008001c0c                ulTaskNotifyTake
                0x0000000008001c70                xTaskNotifyWait
                0x0000000008001cf8                xTaskGenericNotify
                0x0000000008001d94                xTaskGenericNotifyFromISR
                0x0000000008001e44                vTaskNotifyGiveFromISR
                0x0000000008001ed0                xTaskNotifyStateClear
 .text          0x0000000008001efc      0x3b4 ../freertos/timers.o
                0x0000000008001f70                xTimerCreateTimerTask
                0x0000000008001fa4                xTimerCreate
                0x0000000008001fea                xTimerGenericCommand
                0x000000000800222c                xTimerGetTimerDaemonTaskHandle
                0x0000000008002238                xTimerGetPeriod
                0x000000000800223c                vTimerSetReloadMode
                0x0000000008002262                xTimerGetExpiryTime
                0x0000000008002266                pcTimerGetName
                0x000000000800226a                xTimerIsTimerActive
                0x0000000008002282                pvTimerGetTimerID
                0x0000000008002294                vTimerSetTimerID
                0x00000000080022a8                uxTimerGetTimerNumber
                0x00000000080022ac                vTimerSetTimerNumber
 .text          0x00000000080022b0      0x188 ../freertos/portable/GCC/ARM_CM3/port.o
                0x00000000080022ea                pxPortInitialiseStack
                0x000000000800230c                SVC_Handler
                0x0000000008002334                vPortEndScheduler
                0x0000000008002336                vPortEnterCritical
                0x0000000008002354                vPortExitCritical
                0x0000000008002368                PendSV_Handler
                0x00000000080023b4                SysTick_Handler
                0x00000000080023e0                vPortSetupTimerInterrupt
                0x00000000080023f8                xPortStartScheduler
 .text          0x0000000008002438      0x178 ../freertos/portable/MemMang/heap_4.o
                0x000000000800247c                pvPortMalloc
                0x0000000008002550                vPortFree
                0x0000000008002594                xPortGetFreeHeapSize
                0x00000000080025a0                xPortGetMinimumEverFreeHeapSize
                0x00000000080025ac                vPortInitialiseBlocks
 .text          0x00000000080025b0       0xec /usr/bin/../lib/gcc/arm-none-eabi/10.3.1/../../../../arm-none-eabi/lib/thumb/v7-m/nofp/libg.a(lib_a-memcpy.o)
                0x00000000080025b0                memcpy
 .text.memset   0x000000000800269c       0xa4 /usr/bin/../lib/gcc/arm-none-eabi/10.3.1/../../../../arm-none-eabi/lib/thumb/v7-m/nofp/libg.a(lib_a-memset.o)
                0x000000000800269c                memset
 *(.rodata*)
 .rodata.str1.1
                0x0000000008002740        0x4 ../user/main.o
 .rodata.str1.1
                0x0000000008002744        0x5 ../freertos/tasks.o
 .rodata.str1.1
                0x0000000008002749        0x8 ../freertos/timers.o
 *(.init)
 *(.fini)
                0x0000000008002754                . = ALIGN (0x4)
 *fill*         0x0000000008002751        0x3 
                0x0000000008002754                _etext = .

.glue_7         0x0000000008002754        0x0
 .glue_7        0x0000000008002754        0x0 linker stubs

.glue_7t        0x0000000008002754        0x0
 .glue_7t       0x0000000008002754        0x0 linker stubs

.vfp11_veneer   0x0000000008002754        0x0
 .vfp11_veneer  0x0000000008002754        0x0 linker stubs

.v4_bx          0x0000000008002754        0x0
 .v4_bx         0x0000000008002754        0x0 linker stubs

.iplt           0x0000000008002754        0x0
 .iplt          0x0000000008002754        0x0 ../stm32f10x_lib/CMSIS/CM3/DeviceSupport/ST/STM32F10x/startup/gcc_ride7/startup_stm32f10x_hd.o

.rel.dyn        0x0000000008002754        0x0
 .rel.iplt      0x0000000008002754        0x0 ../stm32f10x_lib/CMSIS/CM3/DeviceSupport/ST/STM32F10x/startup/gcc_ride7/startup_stm32f10x_hd.o

.ARM.extab
 *(.ARM.extab*)

.ARM.exidx
 *(.ARM.exidx*)

.preinit_array  0x0000000008002754        0x0
                [!provide]                        PROVIDE (__preinit_array_start = .)
 *(.preinit_array*)
                [!provide]                        PROVIDE (__preinit_array_end = .)

.init_array     0x0000000008002754        0x0
                [!provide]                        PROVIDE (__init_array_start = .)
 *(SORT_BY_NAME(.init_array.*))
 *(.init_array*)
                [!provide]                        PROVIDE (__init_array_end = .)

.fini_array     0x0000000008002754        0x0
                [!provide]                        PROVIDE (__fini_array_start = .)
 *(SORT_BY_NAME(.fini_array.*))
 *(.fini_array*)
                [!provide]                        PROVIDE (__fini_array_end = .)
                0x0000000008002754                _sidata = .

.data           0x0000000020000000       0x18 load address 0x0000000008002754
                0x0000000020000000                . = ALIGN (0x4)
                0x0000000020000000                _sdata = .
 *(.data*)
 .data          0x0000000020000000       0x14 ../stm32f10x_lib/CMSIS/CM3/DeviceSupport/ST/STM32F10x/system_stm32f10x.o
                0x0000000020000000                SystemCoreClock
                0x0000000020000004                AHBPrescTable
 .data          0x0000000020000014        0x4 ../freertos/portable/GCC/ARM_CM3/port.o
                0x0000000020000018                . = ALIGN (0x4)
                0x0000000020000018                _edata = .

.igot.plt       0x0000000020000018        0x0 load address 0x000000000800276c
 .igot.plt      0x0000000020000018        0x0 ../stm32f10x_lib/CMSIS/CM3/DeviceSupport/ST/STM32F10x/startup/gcc_ride7/startup_stm32f10x_hd.o

.bss            0x0000000020000018     0x4958 load address 0x000000000800276c
                0x0000000020000018                . = ALIGN (0x4)
                0x0000000020000018                _sbss = .
 *(.bss*)
 .bss           0x0000000020000018      0x104 ../freertos/tasks.o
                0x000000002000001c                pxCurrentTCB
 .bss           0x000000002000011c       0x3c ../freertos/timers.o
 .bss           0x0000000020000158     0x4818 ../freertos/portable/MemMang/heap_4.o
 *(COMMON)
                0x0000000020004970                . = ALIGN (0x4)
                0x0000000020004970                _ebss = .

._heap          0x0000000020004970        0x0
                0x0000000020004970                . = ALIGN (0x4)
                0x0000000020004970                . = (. + _heap_size)
                0x0000000020004970                . = ALIGN (0x4)

._stack         0x0000000020004970        0x0
                0x0000000020004970                . = ALIGN (0x4)
                0x0000000020004970                . = (. + _stack_size)
                0x0000000020004970                . = ALIGN (0x4)
                0x00000000000001e4                __isr_vector_size__ = SIZEOF (.isr_vector)
                0x0000000000002564                __text_size__ = SIZEOF (.text)
                0x0000000000000018                __data_size__ = SIZEOF (.data)
                0x0000000000004958                __bss_size__ = SIZEOF (.bss)
OUTPUT(OUT.elf elf32-littlearm)
LOAD linker stubs

.ARM.attributes
                0x0000000000000000       0x2f
 .ARM.attributes
                0x0000000000000000       0x21 ../stm32f10x_lib/CMSIS/CM3/DeviceSupport/ST/STM32F10x/startup/gcc_ride7/startup_stm32f10x_hd.o
 .ARM.attributes
                0x0000000000000021       0x2d ../user/main.o
 .ARM.attributes
                0x000000000000004e       0x2d ../stm32f10x_lib/CMSIS/CM3/DeviceSupport/ST/STM32F10x/system_stm32f10x.o
 .ARM.attributes
                0x000000000000007b       0x2d ../freertos/list.o
 .ARM.attributes
                0x00000000000000a8       0x2d ../freertos/queue.o
 .ARM.attributes
                0x00000000000000d5       0x2d ../freertos/tasks.o
 .ARM.attributes
                0x0000000000000102       0x2d ../freertos/timers.o
 .ARM.attributes
                0x000000000000012f       0x2d ../freertos/portable/GCC/ARM_CM3/port.o
 .ARM.attributes
                0x000000000000015c       0x2d ../freertos/portable/MemMang/heap_4.o
 .ARM.attributes
                0x0000000000000189       0x1b /usr/bin/../lib/gcc/arm-none-eabi/10.3.1/../../../../arm-none-eabi/lib/thumb/v7-m/nofp/libg.a(lib_a-memcpy.o)
 .ARM.attributes
                0x00000000000001a4       0x2d /usr/bin/../lib/gcc/arm-none-eabi/10.3.1/../../../../arm-none-eabi/lib/thumb/v7-m/nofp/libg.a(lib_a-memset.o)

.comment        0x0000000000000000       0x49
 .comment       0x0000000000000000       0x49 ../user/main.o
                                         0x4a (size before relaxing)
 .comment       0x0000000000000049       0x4a ../stm32f10x_lib/CMSIS/CM3/DeviceSupport/ST/STM32F10x/system_stm32f10x.o
 .comment       0x0000000000000049       0x4a ../freertos/list.o
 .comment       0x0000000000000049       0x4a ../freertos/queue.o
 .comment       0x0000000000000049       0x4a ../freertos/tasks.o
 .comment       0x0000000000000049       0x4a ../freertos/timers.o
 .comment       0x0000000000000049       0x4a ../freertos/portable/GCC/ARM_CM3/port.o
 .comment       0x0000000000000049       0x4a ../freertos/portable/MemMang/heap_4.o

.debug_line     0x0000000000000000     0x439e
 .debug_line    0x0000000000000000       0xba ../stm32f10x_lib/CMSIS/CM3/DeviceSupport/ST/STM32F10x/startup/gcc_ride7/startup_stm32f10x_hd.o
 .debug_line    0x00000000000000ba      0x358 ../user/main.o
 .debug_line    0x0000000000000412      0x306 ../stm32f10x_lib/CMSIS/CM3/DeviceSupport/ST/STM32F10x/system_stm32f10x.o
 .debug_line    0x0000000000000718      0x269 ../freertos/list.o
 .debug_line    0x0000000000000981      0xf7e ../freertos/queue.o
 .debug_line    0x00000000000018ff     0x1c61 ../freertos/tasks.o
 .debug_line    0x0000000000003560      0x729 ../freertos/timers.o
 .debug_line    0x0000000000003c89      0x304 ../freertos/portable/GCC/ARM_CM3/port.o
 .debug_line    0x0000000000003f8d      0x411 ../freertos/portable/MemMang/heap_4.o

.debug_info     0x0000000000000000     0x733e
 .debug_info    0x0000000000000000       0x22 ../stm32f10x_lib/CMSIS/CM3/DeviceSupport/ST/STM32F10x/startup/gcc_ride7/startup_stm32f10x_hd.o
 .debug_info    0x0000000000000022      0x8d6 ../user/main.o
 .debug_info    0x00000000000008f8      0x501 ../stm32f10x_lib/CMSIS/CM3/DeviceSupport/ST/STM32F10x/system_stm32f10x.o
 .debug_info    0x0000000000000df9      0x30b ../freertos/list.o
 .debug_info    0x0000000000001104     0x1d4b ../freertos/queue.o
 .debug_info    0x0000000000002e4f     0x2b30 ../freertos/tasks.o
 .debug_info    0x000000000000597f     0x11f7 ../freertos/timers.o
 .debug_info    0x0000000000006b76      0x38a ../freertos/portable/GCC/ARM_CM3/port.o
 .debug_info    0x0000000000006f00      0x43e ../freertos/portable/MemMang/heap_4.o

.debug_abbrev   0x0000000000000000     0x14eb
 .debug_abbrev  0x0000000000000000       0x12 ../stm32f10x_lib/CMSIS/CM3/DeviceSupport/ST/STM32F10x/startup/gcc_ride7/startup_stm32f10x_hd.o
 .debug_abbrev  0x0000000000000012      0x20e ../user/main.o
 .debug_abbrev  0x0000000000000220      0x1e8 ../stm32f10x_lib/CMSIS/CM3/DeviceSupport/ST/STM32F10x/system_stm32f10x.o
 .debug_abbrev  0x0000000000000408      0x122 ../freertos/list.o
 .debug_abbrev  0x000000000000052a      0x37c ../freertos/queue.o
 .debug_abbrev  0x00000000000008a6      0x47b ../freertos/tasks.o
 .debug_abbrev  0x0000000000000d21      0x362 ../freertos/timers.o
 .debug_abbrev  0x0000000000001083      0x234 ../freertos/portable/GCC/ARM_CM3/port.o
 .debug_abbrev  0x00000000000012b7      0x234 ../freertos/portable/MemMang/heap_4.o

.debug_aranges  0x0000000000000000      0x130
 .debug_aranges
                0x0000000000000000       0x28 ../stm32f10x_lib/CMSIS/CM3/DeviceSupport/ST/STM32F10x/startup/gcc_ride7/startup_stm32f10x_hd.o
 .debug_aranges
                0x0000000000000028       0x28 ../user/main.o
 .debug_aranges
                0x0000000000000050       0x20 ../stm32f10x_lib/CMSIS/CM3/DeviceSupport/ST/STM32F10x/system_stm32f10x.o
 .debug_aranges
                0x0000000000000070       0x20 ../freertos/list.o
 .debug_aranges
                0x0000000000000090       0x20 ../freertos/queue.o
 .debug_aranges
                0x00000000000000b0       0x20 ../freertos/tasks.o
 .debug_aranges
                0x00000000000000d0       0x20 ../freertos/timers.o
 .debug_aranges
                0x00000000000000f0       0x20 ../freertos/portable/GCC/ARM_CM3/port.o
 .debug_aranges
                0x0000000000000110       0x20 ../freertos/portable/MemMang/heap_4.o

.debug_str      0x0000000000000000     0x232d
 .debug_str     0x0000000000000000       0xa2 ../stm32f10x_lib/CMSIS/CM3/DeviceSupport/ST/STM32F10x/startup/gcc_ride7/startup_stm32f10x_hd.o
 .debug_str     0x00000000000000a2      0x67f ../user/main.o
                                        0x706 (size before relaxing)
 .debug_str     0x0000000000000721      0x138 ../stm32f10x_lib/CMSIS/CM3/DeviceSupport/ST/STM32F10x/system_stm32f10x.o
                                        0x2fe (size before relaxing)
 .debug_str     0x0000000000000859      0x13c ../freertos/list.o
                                        0x2b0 (size before relaxing)
 .debug_str     0x0000000000000995      0x78b ../freertos/queue.o
                                        0xa3b (size before relaxing)
 .debug_str     0x0000000000001120      0xb57 ../freertos/tasks.o
                                       0x10e0 (size before relaxing)
 .debug_str     0x0000000000001c77      0x449 ../freertos/timers.o
                                        0x86d (size before relaxing)
 .debug_str     0x00000000000020c0       0xb4 ../freertos/portable/GCC/ARM_CM3/port.o
                                        0x32e (size before relaxing)
 .debug_str     0x0000000000002174      0x1b9 ../freertos/portable/MemMang/heap_4.o
                                        0x366 (size before relaxing)

.debug_ranges   0x0000000000000000      0x438
 .debug_ranges  0x0000000000000000       0x20 ../stm32f10x_lib/CMSIS/CM3/DeviceSupport/ST/STM32F10x/startup/gcc_ride7/startup_stm32f10x_hd.o
 .debug_ranges  0x0000000000000020       0x18 ../user/main.o
 .debug_ranges  0x0000000000000038       0x18 ../stm32f10x_lib/CMSIS/CM3/DeviceSupport/ST/STM32F10x/system_stm32f10x.o
 .debug_ranges  0x0000000000000050      0x1a0 ../freertos/queue.o
 .debug_ranges  0x00000000000001f0      0x1b0 ../freertos/tasks.o
 .debug_ranges  0x00000000000003a0       0x80 ../freertos/timers.o
 .debug_ranges  0x0000000000000420       0x18 ../freertos/portable/GCC/ARM_CM3/port.o

.debug_loc      0x0000000000000000     0x51e7
 .debug_loc     0x0000000000000000      0x111 ../user/main.o
 .debug_loc     0x0000000000000111      0x102 ../stm32f10x_lib/CMSIS/CM3/DeviceSupport/ST/STM32F10x/system_stm32f10x.o
 .debug_loc     0x0000000000000213       0xcf ../freertos/list.o
 .debug_loc     0x00000000000002e2     0x1897 ../freertos/queue.o
 .debug_loc     0x0000000000001b79     0x2478 ../freertos/tasks.o
 .debug_loc     0x0000000000003ff1      0xcb6 ../freertos/timers.o
 .debug_loc     0x0000000000004ca7      0x12a ../freertos/portable/GCC/ARM_CM3/port.o
 .debug_loc     0x0000000000004dd1      0x416 ../freertos/portable/MemMang/heap_4.o

.debug_frame    0x0000000000000000      0xd80
 .debug_frame   0x0000000000000000       0xac ../user/main.o
 .debug_frame   0x00000000000000ac       0x38 ../stm32f10x_lib/CMSIS/CM3/DeviceSupport/ST/STM32F10x/system_stm32f10x.o
 .debug_frame   0x00000000000000e4       0x6c ../freertos/list.o
 .debug_frame   0x0000000000000150      0x314 ../freertos/queue.o
 .debug_frame   0x0000000000000464      0x59c ../freertos/tasks.o
 .debug_frame   0x0000000000000a00      0x1d8 ../freertos/timers.o
 .debug_frame   0x0000000000000bd8       0xd8 ../freertos/portable/GCC/ARM_CM3/port.o
 .debug_frame   0x0000000000000cb0       0xa4 ../freertos/portable/MemMang/heap_4.o
 .debug_frame   0x0000000000000d54       0x2c /usr/bin/../lib/gcc/arm-none-eabi/10.3.1/../../../../arm-none-eabi/lib/thumb/v7-m/nofp/libg.a(lib_a-memset.o)

Cross Reference Table

Symbol                                            File
ADC1_2_IRQHandler                                 ../stm32f10x_lib/CMSIS/CM3/DeviceSupport/ST/STM32F10x/startup/gcc_ride7/startup_stm32f10x_hd.o
ADC3_IRQHandler                                   ../stm32f10x_lib/CMSIS/CM3/DeviceSupport/ST/STM32F10x/startup/gcc_ride7/startup_stm32f10x_hd.o
AHBPrescTable                                     ../stm32f10x_lib/CMSIS/CM3/DeviceSupport/ST/STM32F10x/system_stm32f10x.o
BusFault_Handler                                  ../stm32f10x_lib/CMSIS/CM3/DeviceSupport/ST/STM32F10x/startup/gcc_ride7/startup_stm32f10x_hd.o
CAN1_RX1_IRQHandler                               ../stm32f10x_lib/CMSIS/CM3/DeviceSupport/ST/STM32F10x/startup/gcc_ride7/startup_stm32f10x_hd.o
CAN1_SCE_IRQHandler                               ../stm32f10x_lib/CMSIS/CM3/DeviceSupport/ST/STM32F10x/startup/gcc_ride7/startup_stm32f10x_hd.o
DMA1_Channel1_IRQHandler                          ../stm32f10x_lib/CMSIS/CM3/DeviceSupport/ST/STM32F10x/startup/gcc_ride7/startup_stm32f10x_hd.o
DMA1_Channel2_IRQHandler                          ../stm32f10x_lib/CMSIS/CM3/DeviceSupport/ST/STM32F10x/startup/gcc_ride7/startup_stm32f10x_hd.o
DMA1_Channel3_IRQHandler                          ../stm32f10x_lib/CMSIS/CM3/DeviceSupport/ST/STM32F10x/startup/gcc_ride7/startup_stm32f10x_hd.o
DMA1_Channel4_IRQHandler                          ../stm32f10x_lib/CMSIS/CM3/DeviceSupport/ST/STM32F10x/startup/gcc_ride7/startup_stm32f10x_hd.o
DMA1_Channel5_IRQHandler                          ../stm32f10x_lib/CMSIS/CM3/DeviceSupport/ST/STM32F10x/startup/gcc_ride7/startup_stm32f10x_hd.o
DMA1_Channel6_IRQHandler                          ../stm32f10x_lib/CMSIS/CM3/DeviceSupport/ST/STM32F10x/startup/gcc_ride7/startup_stm32f10x_hd.o
DMA1_Channel7_IRQHandler                          ../stm32f10x_lib/CMSIS/CM3/DeviceSupport/ST/STM32F10x/startup/gcc_ride7/startup_stm32f10x_hd.o
DMA2_Channel1_IRQHandler                          ../stm32f10x_lib/CMSIS/CM3/DeviceSupport/ST/STM32F10x/startup/gcc_ride7/startup_stm32f10x_hd.o
DMA2_Channel2_IRQHandler                          ../stm32f10x_lib/CMSIS/CM3/DeviceSupport/ST/STM32F10x/startup/gcc_ride7/startup_stm32f10x_hd.o
DMA2_Channel3_IRQHandler                          ../stm32f10x_lib/CMSIS/CM3/DeviceSupport/ST/STM32F10x/startup/gcc_ride7/startup_stm32f10x_hd.o
DMA2_Channel4_5_IRQHandler                        ../stm32f10x_lib/CMSIS/CM3/DeviceSupport/ST/STM32F10x/startup/gcc_ride7/startup_stm32f10x_hd.o
DebugMon_Handler                                  ../stm32f10x_lib/CMSIS/CM3/DeviceSupport/ST/STM32F10x/startup/gcc_ride7/startup_stm32f10x_hd.o
Default_Handler                                   ../stm32f10x_lib/CMSIS/CM3/DeviceSupport/ST/STM32F10x/startup/gcc_ride7/startup_stm32f10x_hd.o
Delay                                             ../user/main.o
EXTI0_IRQHandler                                  ../stm32f10x_lib/CMSIS/CM3/DeviceSupport/ST/STM32F10x/startup/gcc_ride7/startup_stm32f10x_hd.o
EXTI15_10_IRQHandler                              ../stm32f10x_lib/CMSIS/CM3/DeviceSupport/ST/STM32F10x/startup/gcc_ride7/startup_stm32f10x_hd.o
EXTI1_IRQHandler                                  ../stm32f10x_lib/CMSIS/CM3/DeviceSupport/ST/STM32F10x/startup/gcc_ride7/startup_stm32f10x_hd.o
EXTI2_IRQHandler                                  ../stm32f10x_lib/CMSIS/CM3/DeviceSupport/ST/STM32F10x/startup/gcc_ride7/startup_stm32f10x_hd.o
EXTI3_IRQHandler                                  ../stm32f10x_lib/CMSIS/CM3/DeviceSupport/ST/STM32F10x/startup/gcc_ride7/startup_stm32f10x_hd.o
EXTI4_IRQHandler                                  ../stm32f10x_lib/CMSIS/CM3/DeviceSupport/ST/STM32F10x/startup/gcc_ride7/startup_stm32f10x_hd.o
EXTI9_5_IRQHandler                                ../stm32f10x_lib/CMSIS/CM3/DeviceSupport/ST/STM32F10x/startup/gcc_ride7/startup_stm32f10x_hd.o
EXTI_ClearFlag                                    ../stm32f10x_lib/STM32F10x_StdPeriph_Driver/src/stm32f10x_exti.o
EXTI_ClearITPendingBit                            ../stm32f10x_lib/STM32F10x_StdPeriph_Driver/src/stm32f10x_exti.o
EXTI_DeInit                                       ../stm32f10x_lib/STM32F10x_StdPeriph_Driver/src/stm32f10x_exti.o
EXTI_GenerateSWInterrupt                          ../stm32f10x_lib/STM32F10x_StdPeriph_Driver/src/stm32f10x_exti.o
EXTI_GetFlagStatus                                ../stm32f10x_lib/STM32F10x_StdPeriph_Driver/src/stm32f10x_exti.o
EXTI_GetITStatus                                  ../stm32f10x_lib/STM32F10x_StdPeriph_Driver/src/stm32f10x_exti.o
EXTI_Init                                         ../stm32f10x_lib/STM32F10x_StdPeriph_Driver/src/stm32f10x_exti.o
EXTI_StructInit                                   ../stm32f10x_lib/STM32F10x_StdPeriph_Driver/src/stm32f10x_exti.o
FLASH_IRQHandler                                  ../stm32f10x_lib/CMSIS/CM3/DeviceSupport/ST/STM32F10x/startup/gcc_ride7/startup_stm32f10x_hd.o
FSMC_IRQHandler                                   ../stm32f10x_lib/CMSIS/CM3/DeviceSupport/ST/STM32F10x/startup/gcc_ride7/startup_stm32f10x_hd.o
GPIO_AFIODeInit                                   ../stm32f10x_lib/STM32F10x_StdPeriph_Driver/src/stm32f10x_gpio.o
GPIO_DeInit                                       ../stm32f10x_lib/STM32F10x_StdPeriph_Driver/src/stm32f10x_gpio.o
GPIO_ETH_MediaInterfaceConfig                     ../stm32f10x_lib/STM32F10x_StdPeriph_Driver/src/stm32f10x_gpio.o
GPIO_EXTILineConfig                               ../stm32f10x_lib/STM32F10x_StdPeriph_Driver/src/stm32f10x_gpio.o
GPIO_EventOutputCmd                               ../stm32f10x_lib/STM32F10x_StdPeriph_Driver/src/stm32f10x_gpio.o
GPIO_EventOutputConfig                            ../stm32f10x_lib/STM32F10x_StdPeriph_Driver/src/stm32f10x_gpio.o
GPIO_Init                                         ../stm32f10x_lib/STM32F10x_StdPeriph_Driver/src/stm32f10x_gpio.o
GPIO_PinLockConfig                                ../stm32f10x_lib/STM32F10x_StdPeriph_Driver/src/stm32f10x_gpio.o
GPIO_PinRemapConfig                               ../stm32f10x_lib/STM32F10x_StdPeriph_Driver/src/stm32f10x_gpio.o
GPIO_ReadInputData                                ../stm32f10x_lib/STM32F10x_StdPeriph_Driver/src/stm32f10x_gpio.o
GPIO_ReadInputDataBit                             ../stm32f10x_lib/STM32F10x_StdPeriph_Driver/src/stm32f10x_gpio.o
GPIO_ReadOutputData                               ../stm32f10x_lib/STM32F10x_StdPeriph_Driver/src/stm32f10x_gpio.o
GPIO_ReadOutputDataBit                            ../stm32f10x_lib/STM32F10x_StdPeriph_Driver/src/stm32f10x_gpio.o
GPIO_ResetBits                                    ../stm32f10x_lib/STM32F10x_StdPeriph_Driver/src/stm32f10x_gpio.o
GPIO_SetBits                                      ../stm32f10x_lib/STM32F10x_StdPeriph_Driver/src/stm32f10x_gpio.o
GPIO_StructInit                                   ../stm32f10x_lib/STM32F10x_StdPeriph_Driver/src/stm32f10x_gpio.o
GPIO_Write                                        ../stm32f10x_lib/STM32F10x_StdPeriph_Driver/src/stm32f10x_gpio.o
GPIO_WriteBit                                     ../stm32f10x_lib/STM32F10x_StdPeriph_Driver/src/stm32f10x_gpio.o
HardFault_Handler                                 ../stm32f10x_lib/CMSIS/CM3/DeviceSupport/ST/STM32F10x/startup/gcc_ride7/startup_stm32f10x_hd.o
I2C1_ER_IRQHandler                                ../stm32f10x_lib/CMSIS/CM3/DeviceSupport/ST/STM32F10x/startup/gcc_ride7/startup_stm32f10x_hd.o
I2C1_EV_IRQHandler                                ../stm32f10x_lib/CMSIS/CM3/DeviceSupport/ST/STM32F10x/startup/gcc_ride7/startup_stm32f10x_hd.o
I2C2_ER_IRQHandler                                ../stm32f10x_lib/CMSIS/CM3/DeviceSupport/ST/STM32F10x/startup/gcc_ride7/startup_stm32f10x_hd.o
I2C2_EV_IRQHandler                                ../stm32f10x_lib/CMSIS/CM3/DeviceSupport/ST/STM32F10x/startup/gcc_ride7/startup_stm32f10x_hd.o
MemManage_Handler                                 ../stm32f10x_lib/CMSIS/CM3/DeviceSupport/ST/STM32F10x/startup/gcc_ride7/startup_stm32f10x_hd.o
NMI_Handler                                       ../stm32f10x_lib/CMSIS/CM3/DeviceSupport/ST/STM32F10x/startup/gcc_ride7/startup_stm32f10x_hd.o
NVIC_Init                                         ../stm32f10x_lib/STM32F10x_StdPeriph_Driver/src/misc.o
NVIC_PriorityGroupConfig                          ../stm32f10x_lib/STM32F10x_StdPeriph_Driver/src/misc.o
NVIC_SetVectorTable                               ../stm32f10x_lib/STM32F10x_StdPeriph_Driver/src/misc.o
NVIC_SystemLPConfig                               ../stm32f10x_lib/STM32F10x_StdPeriph_Driver/src/misc.o
PVD_IRQHandler                                    ../stm32f10x_lib/CMSIS/CM3/DeviceSupport/ST/STM32F10x/startup/gcc_ride7/startup_stm32f10x_hd.o
PendSV_Handler                                    ../freertos/portable/GCC/ARM_CM3/port.o
                                                  ../stm32f10x_lib/CMSIS/CM3/DeviceSupport/ST/STM32F10x/startup/gcc_ride7/startup_stm32f10x_hd.o
RCC_ADCCLKConfig                                  ../stm32f10x_lib/STM32F10x_StdPeriph_Driver/src/stm32f10x_rcc.o
RCC_AHBPeriphClockCmd                             ../stm32f10x_lib/STM32F10x_StdPeriph_Driver/src/stm32f10x_rcc.o
RCC_APB1PeriphClockCmd                            ../stm32f10x_lib/STM32F10x_StdPeriph_Driver/src/stm32f10x_rcc.o
RCC_APB1PeriphResetCmd                            ../stm32f10x_lib/STM32F10x_StdPeriph_Driver/src/stm32f10x_rcc.o
                                                  ../stm32f10x_lib/STM32F10x_StdPeriph_Driver/src/stm32f10x_usart.o
RCC_APB2PeriphClockCmd                            ../stm32f10x_lib/STM32F10x_StdPeriph_Driver/src/stm32f10x_rcc.o
RCC_APB2PeriphResetCmd                            ../stm32f10x_lib/STM32F10x_StdPeriph_Driver/src/stm32f10x_rcc.o
                                                  ../stm32f10x_lib/STM32F10x_StdPeriph_Driver/src/stm32f10x_usart.o
                                                  ../stm32f10x_lib/STM32F10x_StdPeriph_Driver/src/stm32f10x_gpio.o
RCC_AdjustHSICalibrationValue                     ../stm32f10x_lib/STM32F10x_StdPeriph_Driver/src/stm32f10x_rcc.o
RCC_BackupResetCmd                                ../stm32f10x_lib/STM32F10x_StdPeriph_Driver/src/stm32f10x_rcc.o
RCC_ClearFlag                                     ../stm32f10x_lib/STM32F10x_StdPeriph_Driver/src/stm32f10x_rcc.o
RCC_ClearITPendingBit                             ../stm32f10x_lib/STM32F10x_StdPeriph_Driver/src/stm32f10x_rcc.o
RCC_ClockSecuritySystemCmd                        ../stm32f10x_lib/STM32F10x_StdPeriph_Driver/src/stm32f10x_rcc.o
RCC_DeInit                                        ../stm32f10x_lib/STM32F10x_StdPeriph_Driver/src/stm32f10x_rcc.o
RCC_GetClocksFreq                                 ../stm32f10x_lib/STM32F10x_StdPeriph_Driver/src/stm32f10x_rcc.o
                                                  ../stm32f10x_lib/STM32F10x_StdPeriph_Driver/src/stm32f10x_usart.o
RCC_GetFlagStatus                                 ../stm32f10x_lib/STM32F10x_StdPeriph_Driver/src/stm32f10x_rcc.o
RCC_GetITStatus                                   ../stm32f10x_lib/STM32F10x_StdPeriph_Driver/src/stm32f10x_rcc.o
RCC_GetSYSCLKSource                               ../stm32f10x_lib/STM32F10x_StdPeriph_Driver/src/stm32f10x_rcc.o
RCC_HCLKConfig                                    ../stm32f10x_lib/STM32F10x_StdPeriph_Driver/src/stm32f10x_rcc.o
RCC_HSEConfig                                     ../stm32f10x_lib/STM32F10x_StdPeriph_Driver/src/stm32f10x_rcc.o
RCC_HSICmd                                        ../stm32f10x_lib/STM32F10x_StdPeriph_Driver/src/stm32f10x_rcc.o
RCC_IRQHandler                                    ../stm32f10x_lib/CMSIS/CM3/DeviceSupport/ST/STM32F10x/startup/gcc_ride7/startup_stm32f10x_hd.o
RCC_ITConfig                                      ../stm32f10x_lib/STM32F10x_StdPeriph_Driver/src/stm32f10x_rcc.o
RCC_LSEConfig                                     ../stm32f10x_lib/STM32F10x_StdPeriph_Driver/src/stm32f10x_rcc.o
RCC_LSICmd                                        ../stm32f10x_lib/STM32F10x_StdPeriph_Driver/src/stm32f10x_rcc.o
RCC_MCOConfig                                     ../stm32f10x_lib/STM32F10x_StdPeriph_Driver/src/stm32f10x_rcc.o
RCC_PCLK1Config                                   ../stm32f10x_lib/STM32F10x_StdPeriph_Driver/src/stm32f10x_rcc.o
RCC_PCLK2Config                                   ../stm32f10x_lib/STM32F10x_StdPeriph_Driver/src/stm32f10x_rcc.o
RCC_PLLCmd                                        ../stm32f10x_lib/STM32F10x_StdPeriph_Driver/src/stm32f10x_rcc.o
RCC_PLLConfig                                     ../stm32f10x_lib/STM32F10x_StdPeriph_Driver/src/stm32f10x_rcc.o
RCC_RTCCLKCmd                                     ../stm32f10x_lib/STM32F10x_StdPeriph_Driver/src/stm32f10x_rcc.o
RCC_RTCCLKConfig                                  ../stm32f10x_lib/STM32F10x_StdPeriph_Driver/src/stm32f10x_rcc.o
RCC_SYSCLKConfig                                  ../stm32f10x_lib/STM32F10x_StdPeriph_Driver/src/stm32f10x_rcc.o
RCC_USBCLKConfig                                  ../stm32f10x_lib/STM32F10x_StdPeriph_Driver/src/stm32f10x_rcc.o
RCC_WaitForHSEStartUp                             ../stm32f10x_lib/STM32F10x_StdPeriph_Driver/src/stm32f10x_rcc.o
RTCAlarm_IRQHandler                               ../stm32f10x_lib/CMSIS/CM3/DeviceSupport/ST/STM32F10x/startup/gcc_ride7/startup_stm32f10x_hd.o
RTC_IRQHandler                                    ../stm32f10x_lib/CMSIS/CM3/DeviceSupport/ST/STM32F10x/startup/gcc_ride7/startup_stm32f10x_hd.o
Reset_Handler                                     ../stm32f10x_lib/CMSIS/CM3/DeviceSupport/ST/STM32F10x/startup/gcc_ride7/startup_stm32f10x_hd.o
SDIO_IRQHandler                                   ../stm32f10x_lib/CMSIS/CM3/DeviceSupport/ST/STM32F10x/startup/gcc_ride7/startup_stm32f10x_hd.o
SPI1_IRQHandler                                   ../stm32f10x_lib/CMSIS/CM3/DeviceSupport/ST/STM32F10x/startup/gcc_ride7/startup_stm32f10x_hd.o
SPI2_IRQHandler                                   ../stm32f10x_lib/CMSIS/CM3/DeviceSupport/ST/STM32F10x/startup/gcc_ride7/startup_stm32f10x_hd.o
SPI3_IRQHandler                                   ../stm32f10x_lib/CMSIS/CM3/DeviceSupport/ST/STM32F10x/startup/gcc_ride7/startup_stm32f10x_hd.o
SVC_Handler                                       ../freertos/portable/GCC/ARM_CM3/port.o
                                                  ../stm32f10x_lib/CMSIS/CM3/DeviceSupport/ST/STM32F10x/startup/gcc_ride7/startup_stm32f10x_hd.o
SysTick_CLKSourceConfig                           ../stm32f10x_lib/STM32F10x_StdPeriph_Driver/src/misc.o
SysTick_Handler                                   ../freertos/portable/GCC/ARM_CM3/port.o
                                                  ../stm32f10x_lib/CMSIS/CM3/DeviceSupport/ST/STM32F10x/startup/gcc_ride7/startup_stm32f10x_hd.o
SystemCoreClock                                   ../stm32f10x_lib/CMSIS/CM3/DeviceSupport/ST/STM32F10x/system_stm32f10x.o
SystemCoreClockUpdate                             ../stm32f10x_lib/CMSIS/CM3/DeviceSupport/ST/STM32F10x/system_stm32f10x.o
SystemInit                                        ../stm32f10x_lib/CMSIS/CM3/DeviceSupport/ST/STM32F10x/system_stm32f10x.o
                                                  ../stm32f10x_lib/CMSIS/CM3/DeviceSupport/ST/STM32F10x/startup/gcc_ride7/startup_stm32f10x_hd.o
TAMPER_IRQHandler                                 ../stm32f10x_lib/CMSIS/CM3/DeviceSupport/ST/STM32F10x/startup/gcc_ride7/startup_stm32f10x_hd.o
TIM1_BRK_IRQHandler                               ../stm32f10x_lib/CMSIS/CM3/DeviceSupport/ST/STM32F10x/startup/gcc_ride7/startup_stm32f10x_hd.o
TIM1_CC_IRQHandler                                ../stm32f10x_lib/CMSIS/CM3/DeviceSupport/ST/STM32F10x/startup/gcc_ride7/startup_stm32f10x_hd.o
TIM1_TRG_COM_IRQHandler                           ../stm32f10x_lib/CMSIS/CM3/DeviceSupport/ST/STM32F10x/startup/gcc_ride7/startup_stm32f10x_hd.o
TIM1_UP_IRQHandler                                ../stm32f10x_lib/CMSIS/CM3/DeviceSupport/ST/STM32F10x/startup/gcc_ride7/startup_stm32f10x_hd.o
TIM2_IRQHandler                                   ../stm32f10x_lib/CMSIS/CM3/DeviceSupport/ST/STM32F10x/startup/gcc_ride7/startup_stm32f10x_hd.o
TIM3_IRQHandler                                   ../stm32f10x_lib/CMSIS/CM3/DeviceSupport/ST/STM32F10x/startup/gcc_ride7/startup_stm32f10x_hd.o
TIM4_IRQHandler                                   ../stm32f10x_lib/CMSIS/CM3/DeviceSupport/ST/STM32F10x/startup/gcc_ride7/startup_stm32f10x_hd.o
TIM5_IRQHandler                                   ../stm32f10x_lib/CMSIS/CM3/DeviceSupport/ST/STM32F10x/startup/gcc_ride7/startup_stm32f10x_hd.o
TIM6_IRQHandler                                   ../stm32f10x_lib/CMSIS/CM3/DeviceSupport/ST/STM32F10x/startup/gcc_ride7/startup_stm32f10x_hd.o
TIM7_IRQHandler                                   ../stm32f10x_lib/CMSIS/CM3/DeviceSupport/ST/STM32F10x/startup/gcc_ride7/startup_stm32f10x_hd.o
TIM8_BRK_IRQHandler                               ../stm32f10x_lib/CMSIS/CM3/DeviceSupport/ST/STM32F10x/startup/gcc_ride7/startup_stm32f10x_hd.o
TIM8_CC_IRQHandler                                ../stm32f10x_lib/CMSIS/CM3/DeviceSupport/ST/STM32F10x/startup/gcc_ride7/startup_stm32f10x_hd.o
TIM8_TRG_COM_IRQHandler                           ../stm32f10x_lib/CMSIS/CM3/DeviceSupport/ST/STM32F10x/startup/gcc_ride7/startup_stm32f10x_hd.o
TIM8_UP_IRQHandler                                ../stm32f10x_lib/CMSIS/CM3/DeviceSupport/ST/STM32F10x/startup/gcc_ride7/startup_stm32f10x_hd.o
UART4_IRQHandler                                  ../stm32f10x_lib/CMSIS/CM3/DeviceSupport/ST/STM32F10x/startup/gcc_ride7/startup_stm32f10x_hd.o
UART5_IRQHandler                                  ../stm32f10x_lib/CMSIS/CM3/DeviceSupport/ST/STM32F10x/startup/gcc_ride7/startup_stm32f10x_hd.o
USART1_IRQHandler                                 ../stm32f10x_lib/CMSIS/CM3/DeviceSupport/ST/STM32F10x/startup/gcc_ride7/startup_stm32f10x_hd.o
USART2_IRQHandler                                 ../stm32f10x_lib/CMSIS/CM3/DeviceSupport/ST/STM32F10x/startup/gcc_ride7/startup_stm32f10x_hd.o
USART3_IRQHandler                                 ../stm32f10x_lib/CMSIS/CM3/DeviceSupport/ST/STM32F10x/startup/gcc_ride7/startup_stm32f10x_hd.o
USART_ClearFlag                                   ../stm32f10x_lib/STM32F10x_StdPeriph_Driver/src/stm32f10x_usart.o
USART_ClearITPendingBit                           ../stm32f10x_lib/STM32F10x_StdPeriph_Driver/src/stm32f10x_usart.o
USART_ClockInit                                   ../stm32f10x_lib/STM32F10x_StdPeriph_Driver/src/stm32f10x_usart.o
USART_ClockStructInit                             ../stm32f10x_lib/STM32F10x_StdPeriph_Driver/src/stm32f10x_usart.o
USART_Cmd                                         ../stm32f10x_lib/STM32F10x_StdPeriph_Driver/src/stm32f10x_usart.o
USART_DMACmd                                      ../stm32f10x_lib/STM32F10x_StdPeriph_Driver/src/stm32f10x_usart.o
USART_DeInit                                      ../stm32f10x_lib/STM32F10x_StdPeriph_Driver/src/stm32f10x_usart.o
USART_GetFlagStatus                               ../stm32f10x_lib/STM32F10x_StdPeriph_Driver/src/stm32f10x_usart.o
USART_GetITStatus                                 ../stm32f10x_lib/STM32F10x_StdPeriph_Driver/src/stm32f10x_usart.o
USART_HalfDuplexCmd                               ../stm32f10x_lib/STM32F10x_StdPeriph_Driver/src/stm32f10x_usart.o
USART_ITConfig                                    ../stm32f10x_lib/STM32F10x_StdPeriph_Driver/src/stm32f10x_usart.o
USART_Init                                        ../stm32f10x_lib/STM32F10x_StdPeriph_Driver/src/stm32f10x_usart.o
USART_IrDACmd                                     ../stm32f10x_lib/STM32F10x_StdPeriph_Driver/src/stm32f10x_usart.o
USART_IrDAConfig                                  ../stm32f10x_lib/STM32F10x_StdPeriph_Driver/src/stm32f10x_usart.o
USART_LINBreakDetectLengthConfig                  ../stm32f10x_lib/STM32F10x_StdPeriph_Driver/src/stm32f10x_usart.o
USART_LINCmd                                      ../stm32f10x_lib/STM32F10x_StdPeriph_Driver/src/stm32f10x_usart.o
USART_OneBitMethodCmd                             ../stm32f10x_lib/STM32F10x_StdPeriph_Driver/src/stm32f10x_usart.o
USART_OverSampling8Cmd                            ../stm32f10x_lib/STM32F10x_StdPeriph_Driver/src/stm32f10x_usart.o
USART_ReceiveData                                 ../stm32f10x_lib/STM32F10x_StdPeriph_Driver/src/stm32f10x_usart.o
USART_ReceiverWakeUpCmd                           ../stm32f10x_lib/STM32F10x_StdPeriph_Driver/src/stm32f10x_usart.o
USART_SendBreak                                   ../stm32f10x_lib/STM32F10x_StdPeriph_Driver/src/stm32f10x_usart.o
USART_SendData                                    ../stm32f10x_lib/STM32F10x_StdPeriph_Driver/src/stm32f10x_usart.o
USART_SetAddress                                  ../stm32f10x_lib/STM32F10x_StdPeriph_Driver/src/stm32f10x_usart.o
USART_SetGuardTime                                ../stm32f10x_lib/STM32F10x_StdPeriph_Driver/src/stm32f10x_usart.o
USART_SetPrescaler                                ../stm32f10x_lib/STM32F10x_StdPeriph_Driver/src/stm32f10x_usart.o
USART_SmartCardCmd                                ../stm32f10x_lib/STM32F10x_StdPeriph_Driver/src/stm32f10x_usart.o
USART_SmartCardNACKCmd                            ../stm32f10x_lib/STM32F10x_StdPeriph_Driver/src/stm32f10x_usart.o
USART_StructInit                                  ../stm32f10x_lib/STM32F10x_StdPeriph_Driver/src/stm32f10x_usart.o
USART_WakeUpConfig                                ../stm32f10x_lib/STM32F10x_StdPeriph_Driver/src/stm32f10x_usart.o
USBWakeUp_IRQHandler                              ../stm32f10x_lib/CMSIS/CM3/DeviceSupport/ST/STM32F10x/startup/gcc_ride7/startup_stm32f10x_hd.o
USB_HP_CAN1_TX_IRQHandler                         ../stm32f10x_lib/CMSIS/CM3/DeviceSupport/ST/STM32F10x/startup/gcc_ride7/startup_stm32f10x_hd.o
USB_LP_CAN1_RX0_IRQHandler                        ../stm32f10x_lib/CMSIS/CM3/DeviceSupport/ST/STM32F10x/startup/gcc_ride7/startup_stm32f10x_hd.o
UsageFault_Handler                                ../stm32f10x_lib/CMSIS/CM3/DeviceSupport/ST/STM32F10x/startup/gcc_ride7/startup_stm32f10x_hd.o
WWDG_IRQHandler                                   ../stm32f10x_lib/CMSIS/CM3/DeviceSupport/ST/STM32F10x/startup/gcc_ride7/startup_stm32f10x_hd.o
__LDREXB                                          ../stm32f10x_lib/CMSIS/CM3/CoreSupport/core_cm3.o
__LDREXH                                          ../stm32f10x_lib/CMSIS/CM3/CoreSupport/core_cm3.o
__LDREXW                                          ../stm32f10x_lib/CMSIS/CM3/CoreSupport/core_cm3.o
__RBIT                                            ../stm32f10x_lib/CMSIS/CM3/CoreSupport/core_cm3.o
__REV                                             ../stm32f10x_lib/CMSIS/CM3/CoreSupport/core_cm3.o
__REV16                                           ../stm32f10x_lib/CMSIS/CM3/CoreSupport/core_cm3.o
__REVSH                                           ../stm32f10x_lib/CMSIS/CM3/CoreSupport/core_cm3.o
__STREXB                                          ../stm32f10x_lib/CMSIS/CM3/CoreSupport/core_cm3.o
__STREXH                                          ../stm32f10x_lib/CMSIS/CM3/CoreSupport/core_cm3.o
__STREXW                                          ../stm32f10x_lib/CMSIS/CM3/CoreSupport/core_cm3.o
__get_BASEPRI                                     ../stm32f10x_lib/CMSIS/CM3/CoreSupport/core_cm3.o
__get_CONTROL                                     ../stm32f10x_lib/CMSIS/CM3/CoreSupport/core_cm3.o
__get_FAULTMASK                                   ../stm32f10x_lib/CMSIS/CM3/CoreSupport/core_cm3.o
__get_MSP                                         ../stm32f10x_lib/CMSIS/CM3/CoreSupport/core_cm3.o
__get_PRIMASK                                     ../stm32f10x_lib/CMSIS/CM3/CoreSupport/core_cm3.o
__get_PSP                                         ../stm32f10x_lib/CMSIS/CM3/CoreSupport/core_cm3.o
__set_BASEPRI                                     ../stm32f10x_lib/CMSIS/CM3/CoreSupport/core_cm3.o
__set_CONTROL                                     ../stm32f10x_lib/CMSIS/CM3/CoreSupport/core_cm3.o
__set_FAULTMASK                                   ../stm32f10x_lib/CMSIS/CM3/CoreSupport/core_cm3.o
__set_MSP                                         ../stm32f10x_lib/CMSIS/CM3/CoreSupport/core_cm3.o
__set_PRIMASK                                     ../stm32f10x_lib/CMSIS/CM3/CoreSupport/core_cm3.o
__set_PSP                                         ../stm32f10x_lib/CMSIS/CM3/CoreSupport/core_cm3.o
_ebss                                             ../stm32f10x_lib/CMSIS/CM3/DeviceSupport/ST/STM32F10x/startup/gcc_ride7/startup_stm32f10x_hd.o
_edata                                            ../stm32f10x_lib/CMSIS/CM3/DeviceSupport/ST/STM32F10x/startup/gcc_ride7/startup_stm32f10x_hd.o
_estack                                           ../stm32f10x_lib/CMSIS/CM3/DeviceSupport/ST/STM32F10x/startup/gcc_ride7/startup_stm32f10x_hd.o
_sbss                                             ../stm32f10x_lib/CMSIS/CM3/DeviceSupport/ST/STM32F10x/startup/gcc_ride7/startup_stm32f10x_hd.o
_sdata                                            ../stm32f10x_lib/CMSIS/CM3/DeviceSupport/ST/STM32F10x/startup/gcc_ride7/startup_stm32f10x_hd.o
_sidata                                           ../stm32f10x_lib/CMSIS/CM3/DeviceSupport/ST/STM32F10x/startup/gcc_ride7/startup_stm32f10x_hd.o
disable_interrupt                                 ../user/main.o
eTaskGetState                                     ../freertos/tasks.o
enable_TIM3_delay                                 ../user/main.o
enable_interrupt                                  ../user/main.o
g_pfnVectors                                      ../stm32f10x_lib/CMSIS/CM3/DeviceSupport/ST/STM32F10x/startup/gcc_ride7/startup_stm32f10x_hd.o
main                                              ../user/main.o
                                                  ../stm32f10x_lib/CMSIS/CM3/DeviceSupport/ST/STM32F10x/startup/gcc_ride7/startup_stm32f10x_hd.o
memcpy                                            /usr/bin/../lib/gcc/arm-none-eabi/10.3.1/../../../../arm-none-eabi/lib/thumb/v7-m/nofp/libg.a(lib_a-memcpy.o)
                                                  ../freertos/queue.o
memset                                            /usr/bin/../lib/gcc/arm-none-eabi/10.3.1/../../../../arm-none-eabi/lib/thumb/v7-m/nofp/libg.a(lib_a-memset.o)
                                                  ../freertos/tasks.o
pcTaskGetName                                     ../freertos/tasks.o
pcTimerGetName                                    ../freertos/timers.o
pvPortMalloc                                      ../freertos/portable/MemMang/heap_4.o
                                                  ../freertos/timers.o
                                                  ../freertos/tasks.o
                                                  ../freertos/queue.o
pvTaskIncrementMutexHeldCount                     ../freertos/tasks.o
                                                  ../freertos/queue.o
pvTimerGetTimerID                                 ../freertos/timers.o
pxCurrentTCB                                      ../freertos/tasks.o
                                                  ../freertos/portable/GCC/ARM_CM3/port.o
pxPortInitialiseStack                             ../freertos/portable/GCC/ARM_CM3/port.o
                                                  ../freertos/tasks.o
set_system_clock_to_72Mhz                         ../user/main.o
ucQueueGetQueueType                               ../freertos/queue.o
ulTaskNotifyTake                                  ../freertos/tasks.o
uxListRemove                                      ../freertos/list.o
                                                  ../freertos/timers.o
                                                  ../freertos/tasks.o
uxQueueGetQueueNumber                             ../freertos/queue.o
uxQueueMessagesWaiting                            ../freertos/queue.o
uxQueueMessagesWaitingFromISR                     ../freertos/queue.o
uxQueueSpacesAvailable                            ../freertos/queue.o
uxTaskGetNumberOfTasks                            ../freertos/tasks.o
uxTaskGetSystemState                              ../freertos/tasks.o
uxTaskGetTaskNumber                               ../freertos/tasks.o
uxTaskPriorityGet                                 ../freertos/tasks.o
uxTaskPriorityGetFromISR                          ../freertos/tasks.o
uxTaskResetEventItemValue                         ../freertos/tasks.o
uxTimerGetTimerNumber                             ../freertos/timers.o
vApplicationStackOverflowHook                     ../user/main.o
vListInitialise                                   ../freertos/list.o
                                                  ../freertos/timers.o
                                                  ../freertos/tasks.o
                                                  ../freertos/queue.o
vListInitialiseItem                               ../freertos/list.o
                                                  ../freertos/timers.o
                                                  ../freertos/tasks.o
vListInsert                                       ../freertos/list.o
                                                  ../freertos/timers.o
                                                  ../freertos/tasks.o
vListInsertEnd                                    ../freertos/list.o
                                                  ../freertos/tasks.o
vPortEndScheduler                                 ../freertos/portable/GCC/ARM_CM3/port.o
                                                  ../freertos/tasks.o
vPortEnterCritical                                ../freertos/portable/GCC/ARM_CM3/port.o
                                                  ../freertos/timers.o
                                                  ../freertos/tasks.o
                                                  ../freertos/queue.o
vPortExitCritical                                 ../freertos/portable/GCC/ARM_CM3/port.o
                                                  ../freertos/timers.o
                                                  ../freertos/tasks.o
                                                  ../freertos/queue.o
vPortFree                                         ../freertos/portable/MemMang/heap_4.o
                                                  ../freertos/timers.o
                                                  ../freertos/tasks.o
                                                  ../freertos/queue.o
vPortInitialiseBlocks                             ../freertos/portable/MemMang/heap_4.o
vPortSetupTimerInterrupt                          ../freertos/portable/GCC/ARM_CM3/port.o
vQueueDelete                                      ../freertos/queue.o
vQueueSetQueueNumber                              ../freertos/queue.o
vQueueWaitForMessageRestricted                    ../freertos/queue.o
                                                  ../freertos/timers.o
vTaskDelay                                        ../freertos/tasks.o
                                                  ../user/main.o
vTaskDelayUntil                                   ../freertos/tasks.o
vTaskDelete                                       ../freertos/tasks.o
vTaskEndScheduler                                 ../freertos/tasks.o
vTaskGetInfo                                      ../freertos/tasks.o
vTaskInternalSetTimeOutState                      ../freertos/tasks.o
                                                  ../freertos/queue.o
vTaskMissedYield                                  ../freertos/tasks.o
                                                  ../freertos/queue.o
vTaskNotifyGiveFromISR                            ../freertos/tasks.o
vTaskPlaceOnEventList                             ../freertos/tasks.o
                                                  ../freertos/queue.o
vTaskPlaceOnEventListRestricted                   ../freertos/tasks.o
                                                  ../freertos/queue.o
vTaskPlaceOnUnorderedEventList                    ../freertos/tasks.o
vTaskPriorityDisinheritAfterTimeout               ../freertos/tasks.o
                                                  ../freertos/queue.o
vTaskPrioritySet                                  ../freertos/tasks.o
vTaskRemoveFromUnorderedEventList                 ../freertos/tasks.o
vTaskResume                                       ../freertos/tasks.o
vTaskSetTaskNumber                                ../freertos/tasks.o
vTaskSetTimeOutState                              ../freertos/tasks.o
vTaskStartScheduler                               ../freertos/tasks.o
                                                  ../user/main.o
vTaskSuspend                                      ../freertos/tasks.o
vTaskSuspendAll                                   ../freertos/tasks.o
                                                  ../freertos/portable/MemMang/heap_4.o
                                                  ../freertos/timers.o
                                                  ../freertos/queue.o
vTaskSwitchContext                                ../freertos/tasks.o
                                                  ../freertos/portable/GCC/ARM_CM3/port.o
vTimerSetReloadMode                               ../freertos/timers.o
vTimerSetTimerID                                  ../freertos/timers.o
vTimerSetTimerNumber                              ../freertos/timers.o
xPortGetFreeHeapSize                              ../freertos/portable/MemMang/heap_4.o
xPortGetMinimumEverFreeHeapSize                   ../freertos/portable/MemMang/heap_4.o
xPortStartScheduler                               ../freertos/portable/GCC/ARM_CM3/port.o
                                                  ../freertos/tasks.o
xQueueCreateCountingSemaphore                     ../freertos/queue.o
xQueueCreateMutex                                 ../freertos/queue.o
xQueueGenericCreate                               ../freertos/queue.o
                                                  ../freertos/timers.o
xQueueGenericReset                                ../freertos/queue.o
xQueueGenericSend                                 ../freertos/queue.o
                                                  ../freertos/timers.o
xQueueGenericSendFromISR                          ../freertos/queue.o
                                                  ../freertos/timers.o
xQueueGiveFromISR                                 ../freertos/queue.o
xQueueGiveMutexRecursive                          ../freertos/queue.o
xQueueIsQueueEmptyFromISR                         ../freertos/queue.o
xQueueIsQueueFullFromISR                          ../freertos/queue.o
xQueuePeek                                        ../freertos/queue.o
xQueuePeekFromISR                                 ../freertos/queue.o
xQueueReceive                                     ../freertos/queue.o
                                                  ../freertos/timers.o
xQueueReceiveFromISR                              ../freertos/queue.o
xQueueSemaphoreTake                               ../freertos/queue.o
xQueueTakeMutexRecursive                          ../freertos/queue.o
xTaskCheckForTimeOut                              ../freertos/tasks.o
                                                  ../freertos/queue.o
xTaskCreate                                       ../freertos/tasks.o
                                                  ../freertos/timers.o
                                                  ../user/main.o
xTaskGenericNotify                                ../freertos/tasks.o
xTaskGenericNotifyFromISR                         ../freertos/tasks.o
xTaskGetCurrentTaskHandle                         ../freertos/tasks.o
                                                  ../freertos/queue.o
xTaskGetSchedulerState                            ../freertos/tasks.o
                                                  ../freertos/timers.o
xTaskGetTickCount                                 ../freertos/tasks.o
                                                  ../freertos/timers.o
xTaskGetTickCountFromISR                          ../freertos/tasks.o
xTaskIncrementTick                                ../freertos/tasks.o
                                                  ../freertos/portable/GCC/ARM_CM3/port.o
xTaskNotifyStateClear                             ../freertos/tasks.o
xTaskNotifyWait                                   ../freertos/tasks.o
xTaskPriorityDisinherit                           ../freertos/tasks.o
                                                  ../freertos/queue.o
xTaskPriorityInherit                              ../freertos/tasks.o
                                                  ../freertos/queue.o
xTaskRemoveFromEventList                          ../freertos/tasks.o
                                                  ../freertos/queue.o
xTaskResumeAll                                    ../freertos/tasks.o
                                                  ../freertos/portable/MemMang/heap_4.o
                                                  ../freertos/timers.o
                                                  ../freertos/queue.o
xTaskResumeFromISR                                ../freertos/tasks.o
xTimerCreate                                      ../freertos/timers.o
xTimerCreateTimerTask                             ../freertos/timers.o
                                                  ../freertos/tasks.o
xTimerGenericCommand                              ../freertos/timers.o
xTimerGetExpiryTime                               ../freertos/timers.o
xTimerGetPeriod                                   ../freertos/timers.o
xTimerGetTimerDaemonTaskHandle                    ../freertos/timers.o
xTimerIsTimerActive                               ../freertos/timers.o
